[90mstderr[2m | src/composables/__tests__/useAutoSave.test.ts[2m > [22m[2museAutoSave[2m > [22m[2mskips save when isDirty is false
[22m[39m[Vue warn]: onUnmounted is called when there is no active component instance to be associated with. Lifecycle injection APIs can only be used during execution of setup(). If you are using async setup(), make sure to register lifecycle hooks before the first await statement.

[90mstderr[2m | src/composables/__tests__/useAutoSave.test.ts[2m > [22m[2museAutoSave[2m > [22m[2mskips save at timer fire when isDirty becomes false during debounce
[22m[39m[Vue warn]: onUnmounted is called when there is no active component instance to be associated with. Lifecycle injection APIs can only be used during execution of setup(). If you are using async setup(), make sure to register lifecycle hooks before the first await statement.

[90mstderr[2m | src/composables/__tests__/useAutoSave.test.ts[2m > [22m[2museAutoSave[2m > [22m[2mrespects custom debounceMs option
[22m[39m[Vue warn]: onUnmounted is called when there is no active component instance to be associated with. Lifecycle injection APIs can only be used during execution of setup(). If you are using async setup(), make sure to register lifecycle hooks before the first await statement.

[90mstderr[2m | src/composables/__tests__/useAutoSave.test.ts[2m > [22m[2museAutoSave[2m > [22m[2msaved status fades to idle after 3 seconds
[22m[39m[Vue warn]: onUnmounted is called when there is no active component instance to be associated with. Lifecycle injection APIs can only be used during execution of setup(). If you are using async setup(), make sure to register lifecycle hooks before the first await statement.

 [32m✓[39m src/composables/__tests__/useAutoSave.test.ts[2m > [22museAutoSave[2m > [22mstarts with idle status[32m 12[2mms[22m[39m
 [32m✓[39m src/composables/__tests__/useAutoSave.test.ts[2m > [22museAutoSave[2m > [22msuppresses the first watcher trigger (initialized guard)[32m 4[2mms[22m[39m
 [32m✓[39m src/composables/__tests__/useAutoSave.test.ts[2m > [22museAutoSave[2m > [22mdebounces rapid changes into a single save after the debounce period[32m 5[2mms[22m[39m
 [32m✓[39m src/composables/__tests__/useAutoSave.test.ts[2m > [22museAutoSave[2m > [22mtransitions through idle -> pending -> saving -> saved -> idle[32m 3[2mms[22m[39m
 [32m✓[39m src/composables/__tests__/useAutoSave.test.ts[2m > [22museAutoSave[2m > [22mprevents concurrent saves via inflight guard[32m 3[2mms[22m[39m
 [32m✓[39m src/composables/__tests__/useAutoSave.test.ts[2m > [22museAutoSave[2m > [22mflush forces immediate save bypassing debounce[32m 3[2mms[22m[39m
 [32m✓[39m src/composables/__tests__/useAutoSave.test.ts[2m > [22museAutoSave[2m > [22mflush does nothing when status is not pending[32m 2[2mms[22m[39m
 [32m✓[39m src/composables/__tests__/useAutoSave.test.ts[2m > [22museAutoSave[2m > [22mcleanup clears all pending timers[32m 2[2mms[22m[39m
 [32m✓[39m src/composables/__tests__/useAutoSave.test.ts[2m > [22museAutoSave[2m > [22mskips save when isDirty is false[32m 2[2mms[22m[39m
 [32m✓[39m src/composables/__tests__/useAutoSave.test.ts[2m > [22museAutoSave[2m > [22mskips save at timer fire when isDirty becomes false during debounce[32m 2[2mms[22m[39m
 [32m✓[39m src/composables/__tests__/useAutoSave.test.ts[2m > [22museAutoSave[2m > [22mrespects custom debounceMs option[32m 2[2mms[22m[39m
 [32m✓[39m src/composables/__tests__/useAutoSave.test.ts[2m > [22museAutoSave[2m > [22msaved status fades to idle after 3 seconds[32m 2[2mms[22m[39m

[2m Test Files [22m [1m[32m1 passed[39m[22m[90m (1)[39m
[2m      Tests [22m [1m[32m12 passed[39m[22m[90m (12)[39m
[2m   Start at [22m 09:30:58
[2m   Duration [22m 3.48s[2m (transform 97ms, setup 0ms, import 289ms, tests 44ms, environment 2.74s)[22m

