=== Edge cases ===
--- Long passage handling (splitPassage handles arbitrary length) ---
13:const DEFAULT_WORDS_PER_SLIDE = 50
45:function splitBySentences(text: string, threshold: number): string[][] {
53:    if (count > 0 && count + words > threshold) {
92:  const threshold = opts?.wordsPerSlide ?? DEFAULT_WORDS_PER_SLIDE
97:    if (wordCount(trimmed) <= threshold) {

--- Invalid reference error state ---
52:      <!-- Fetch error -->
54:        v-if="fetchError"
55:        data-testid="fetch-error"
106:const fetchError = ref(false)
119:  fetchError.value = false
147:  } catch {
148:    fetchError.value = true

--- Test coverage count ---
grep: tests/unit/components/ScriptureSlideEditor.spec.ts: No such file or directory
grep: tests/unit/components/CongregationalEditor.spec.ts: No such file or directory
grep: tests/unit/utils/scriptureSplitter.spec.ts: No such file or directory
grep: tests/unit/stores/scriptureSlides.spec.ts: No such file or directory
