 [32m✓[39m src/utils/__tests__/volunteerCsv.test.ts [2m([22m[2m20 tests[22m[2m)[22m[32m 15[2mms[22m[39m
 [32m✓[39m src/utils/__tests__/scriptureSplitter.test.ts [2m([22m[2m10 tests[22m[2m)[22m[32m 13[2mms[22m[39m
 [32m✓[39m src/views/__tests__/TeamView.test.ts [2m([22m[2m8 tests[22m[2m)[22m[32m 8[2mms[22m[39m
 [32m✓[39m src/utils/__tests__/quarterDates.test.ts [2m([22m[2m8 tests[22m[2m)[22m[32m 10[2mms[22m[39m
 [32m✓[39m src/utils/__tests__/slug.test.ts [2m([22m[2m7 tests[22m[2m)[22m[32m 8[2mms[22m[39m

[31m⎯⎯⎯⎯⎯⎯⎯[39m[1m[41m Failed Tests 1 [49m[22m[31m⎯⎯⎯⎯⎯⎯⎯[39m

[41m[1m FAIL [22m[49m src/views/__tests__/RosterView.test.ts[2m > [22mRosterView — collapsible dense sections (R-11)[2m > [22mwraps Roles config in CollapsibleSection
[31m[1mAssertionError[22m: expected 'Volunteers1 active volunteer Import f…' to contain 'Roles config'[39m

Expected: [32m"Roles config"[39m
Received: [31m"Volunteers1 active volunteer Import from Planning Center  Add Volunteer  Volunteers  Roles All rolesdrumsguitarvocals Show inactive  Name ▲EmailPhone Roles StatusAlicep-active@example.com——ActiveDanger ZonePermanently delete every volunteer for this organization — use this to clear a bad import before re-importing selectively. This cannot be undone. Clear all volunteers (1)"[39m

[36m [2m❯[22m src/views/__tests__/RosterView.test.ts:[2m170:28[22m[39m
    [90m168| [39m    [35mconst[39m wrapper [33m=[39m [34mmountRosterView[39m()
    [90m169| [39m
    [90m170| [39m    [34mexpect[39m(wrapper[33m.[39m[34mtext[39m())[33m.[39m[34mtoContain[39m([32m'Roles config'[39m)
    [90m   | [39m                           [31m^[39m
    [90m171| [39m  })
    [90m172| [39m})

[31m[2m⎯⎯⎯⎯⎯⎯⎯⎯⎯⎯⎯⎯⎯⎯⎯⎯⎯⎯⎯⎯⎯⎯⎯⎯[1/1]⎯[22m[39m


[2m Test Files [22m [1m[31m1 failed[39m[22m[2m | [22m[1m[32m47 passed[39m[22m[90m (48)[39m
[2m      Tests [22m [1m[31m1 failed[39m[22m[2m | [22m[1m[32m944 passed[39m[22m[90m (945)[39m
[2m   Start at [22m 10:16:39
[2m   Duration [22m 100.02s[2m (transform 10.12s, setup 0ms, import 21.95s, tests 18.26s, environment 221.20s)[22m

