
[1m[46m RUN [49m[22m [36mv4.0.18 [39m[90mC:/projects/worshipplanner/.gsd-worktrees/M001[39m

 [32m✓[39m src/utils/__tests__/ccliParser.test.ts[2m > [22mparseCCLIPaste[2m > [22mreturns empty result for empty input[32m 3[2mms[22m[39m
 [32m✓[39m src/utils/__tests__/ccliParser.test.ts[2m > [22mparseCCLIPaste[2m > [22mreturns empty result for whitespace-only input[32m 1[2mms[22m[39m
 [32m✓[39m src/utils/__tests__/ccliParser.test.ts[2m > [22mparseCCLIPaste[2m > [22mparses title-only input with no sections[32m 1[2mms[22m[39m
 [32m✓[39m src/utils/__tests__/ccliParser.test.ts[2m > [22mparseCCLIPaste[2m > [22mparses legacy format with pipe-delimited authors[32m 4[2mms[22m[39m
 [32m✓[39m src/utils/__tests__/ccliParser.test.ts[2m > [22mparseCCLIPaste[2m > [22mparses 2023 format with comma-delimited authors[32m 1[2mms[22m[39m
 [32m✓[39m src/utils/__tests__/ccliParser.test.ts[2m > [22mparseCCLIPaste[2m > [22mhandles missing section numbers (defaults to unnumbered slug)[32m 1[2mms[22m[39m
 [32m✓[39m src/utils/__tests__/ccliParser.test.ts[2m > [22mparseCCLIPaste[2m > [22mhandles Pre-Chorus as a standalone section header[32m 1[2mms[22m[39m
 [32m✓[39m src/utils/__tests__/ccliParser.test.ts[2m > [22mparseCCLIPaste[2m > [22mhandles parenthetical section marker as first lyric line[32m 1[2mms[22m[39m
 [32m✓[39m src/utils/__tests__/ccliParser.test.ts[2m > [22mparseCCLIPaste[2m > [22mhandles standalone parenthetical marker without a preceding header[32m 1[2mms[22m[39m
 [32m✓[39m src/utils/__tests__/ccliParser.test.ts[2m > [22mparseCCLIPaste[2m > [22mhandles multiple copyright lines[32m 1[2mms[22m[39m
 [32m✓[39m src/utils/__tests__/ccliParser.test.ts[2m > [22mparseCCLIPaste[2m > [22mhandles ASCII (c) copyright symbol[32m 0[2mms[22m[39m
 [32m✓[39m src/utils/__tests__/ccliParser.test.ts[2m > [22mparseCCLIPaste[2m > [22mhandles uppercase (C) copyright symbol[32m 0[2mms[22m[39m
 [32m✓[39m src/utils/__tests__/ccliParser.test.ts[2m > [22mparseCCLIPaste[2m > [22mhandles CCLI Song # with no space before number[32m 0[2mms[22m[39m
 [32m✓[39m src/utils/__tests__/ccliParser.test.ts[2m > [22mparseCCLIPaste[2m > [22mgenerates correct section IDs (slugification)[32m 0[2mms[22m[39m
 [32m✓[39m src/utils/__tests__/ccliParser.test.ts[2m > [22mparseCCLIPaste[2m > [22mhandles Tag and Misc section types[32m 0[2mms[22m[39m
 [32m✓[39m src/utils/__tests__/ccliParser.test.ts[2m > [22mparseCCLIPaste[2m > [22mhandles Intro section type[32m 0[2mms[22m[39m
 [32m✓[39m src/utils/__tests__/ccliParser.test.ts[2m > [22mparseCCLIPaste[2m > [22mhandles Windows-style line endings (CRLF)[32m 0[2mms[22m[39m
 [32m✓[39m src/utils/__tests__/ccliParser.test.ts[2m > [22mparseCCLIPaste[2m > [22mcase-insensitive section header matching[32m 0[2mms[22m[39m
 [32m✓[39m src/utils/__tests__/ccliParser.test.ts[2m > [22mparseCCLIPaste[2m > [22mskips the SongSelect usage terms line in footer[32m 0[2mms[22m[39m

[2m Test Files [22m [1m[32m1 passed[39m[22m[90m (1)[39m
[2m      Tests [22m [1m[32m19 passed[39m[22m[90m (19)[39m
[2m   Start at [22m 09:30:03
[2m   Duration [22m 3.45s[2m (transform 106ms, setup 0ms, import 146ms, tests 19ms, environment 2.86s)[22m

