=== TC-06: Viewer role restriction ===
--- ServiceEditorView: role-based visibility ---
41:              <h1 v-if="!authStore.isEditor" class="text-xl font-semibold text-gray-100">{{ formattedDate }}</h1>
56:              <!-- Status badge: editor gets clickable toggle, viewer gets static badge -->
58:                v-if="authStore.isEditor"
85:            <template v-if="authStore.isEditor">
108:              v-if="authStore.isEditor && previousService"
122:              v-if="authStore.isEditor"
188:              v-if="authStore.isEditor"
401:            v-if="authStore.isEditor"
404:            :class="activeTab === 'roles'
407:            @click="activeTab = 'roles'"
419:          <div v-if="authStore.isEditor" class="flex flex-wrap items-center gap-4">
464:                  v-if="authStore.isEditor"
478:                  v-if="authStore.isEditor && !isExportedLocked"
486:                <p v-else-if="authStore.isEditor && isExportedLocked" class="text-sm text-gray-200">
512:            <div v-if="authStore.isEditor" class="cursor-grab active:cursor-grabbing text-gray-600 hover:text-gray-400 drag-handle flex-shrink-0 mt-0.5">
550:                    v-if="authStore.isEditor && !isExportedLocked"
564:                  v-if="authStore.isEditor && aiDraftSongs.has(index)"
599:                  v-if="authStore.isEditor && !isExportedLocked"
623:                      v-if="authStore.isEditor && !isExportedLocked"
634:                    <p v-else-if="authStore.isEditor && isExportedLocked" class="text-sm text-gray-200">

--- Check button guard for editor role ---
663-                      <svg xmlns="http://www.w3.org/2000/svg" class="h-3.5 w-3.5" fill="none" viewBox="0 0 24 24" stroke="currentColor" stroke-width="2">
664-                        <path stroke-linecap="round" stroke-linejoin="round" d="M11 5H6a2 2 0 00-2 2v11a2 2 0 002 2h11a2 2 0 002-2v-5m-1.414-9.414a2 2 0 112.828 2.828L11.828 15H9v-2.828l8.586-8.586z" />
665-                      </svg>
666:                      {{ expandedScriptureSlots.has(index) ? 'Close Slides Editor' : 'Edit Scripture Slides' }}
667-                    </button>
668-
669-                    <!-- Reading mode toggle -->

--- Auth store: role check ---
49:  const isEditor = computed(() => userRole.value === 'editor')
122:        const role = data.role as string
126:        if (role === 'admin') patch.role = 'editor'
133:          if (role === 'admin') return // next snapshot sets userRole
136:        userRole.value = (role === 'admin' ? 'editor' : role) as 'editor' | 'viewer'
187:        const role = inviteData.role as 'editor' | 'viewer'
198:        // Add user as member with invited role
201:          role,
230:        role: 'editor',
318:    isEditor,

--- Integration test: viewer restriction ---
153:  it('does not render "Edit Scripture Slides" button for viewer', () => {
