=== Checking S02 key files ===
OK: src/types/slide.ts
OK: src/types/scriptureReading.ts
OK: src/utils/scriptureSplitter.ts
OK: src/stores/scriptureSlides.ts
OK: src/components/ScriptureSlideEditor.vue
OK: src/components/CongregationalEditor.vue
OK: src/views/ServiceEditorView.vue
OK: src/types/service.ts

=== ScriptureSlide in slide.ts ===
4: * S01 defines 'lyric' only; later slices add 'scripture', 'imported',
9:export type SlideContentKind = 'lyric' | 'scripture' | 'imported' | 'text' | 'image' | 'video'
42:/** A scripture slide — one chunk of a Bible passage. */
43:export interface ScriptureSlide extends SlideBase {
44:  contentKind: 'scripture'
59:export type Slide = LyricSlide | CopyrightSlide | ScriptureSlide

=== ScriptureSlot fields in service.ts ===
17:export interface ScriptureSlot {
24:  scriptureReadingId?: string | null
25:  readingMode?: 'normal' | 'congregational'
43:export type ServiceSlot = SongSlot | ScriptureSlot | NonAssignableSlot | HymnSlot

=== CongregationalEditor in ServiceEditorView ===
666:                      {{ expandedScriptureSlots.has(index) ? 'Close Slides Editor' : 'Edit Scripture Slides' }}
703:                    <ScriptureSlideEditor
709:                    <CongregationalEditor
1047:import ScriptureSlideEditor from '@/components/ScriptureSlideEditor.vue'
1048:import CongregationalEditor from '@/components/CongregationalEditor.vue'
1165:  return slot.readingMode ?? 'normal'
1174:    readingMode: mode,
