=== TC-02: Override visual distinction ===
108:const overriddenSlides = ref<Set<number>>(new Set())
128:    overriddenSlides.value = new Set()
158:  overriddenSlides.value.add(idx)

--- Slide card styling with override check ---
      <div v-if="localSlides.length > 0" class="space-y-3" data-testid="slides-container">
        <div
          v-for="(slide, idx) in localSlides"
          :key="slide.id"
          class="rounded-lg bg-gray-800/50 border border-gray-700/50 p-4"
        >
          <div class="text-xs font-semibold text-indigo-400 uppercase tracking-wider mb-2">
            Slide {{ idx + 1 }}
            <span v-if="slide.verseRange" class="ml-1 text-gray-500 normal-case">
              ({{ slide.verseRange }})
            </span>
          </div>
          <textarea
            :data-testid="`slide-textarea-${idx}`"
            :value="slide.text"
            class="w-full rounded-md bg-gray-900 border border-gray-700 text-gray-100 text-sm px-3 py-2 focus:outline-none focus:ring-1 focus:ring-indigo-500 focus:border-indigo-500 resize-none font-mono leading-relaxed"
            :rows="Math.max(slide.text.split('\n').length, 2)"
            @input="onSlideInput(idx, ($event.target as HTMLTextAreaElement).value)"
          ></textarea>
        </div>
      </div>
    </div>
  </div>
</template>
