=== TC-05: v-if guard around Edit Scripture Slides button ===
656-                  <div class="flex items-center gap-3 mb-2">
657-                    <button
658-                      type="button"
659-                      data-testid="edit-scripture-slides-btn"
660-                      class="inline-flex items-center gap-1.5 rounded-md px-2.5 py-1.5 text-xs font-medium text-indigo-400 bg-gray-800 border border-gray-700 hover:bg-gray-700 transition-colors"
661-                      @click="toggleScriptureEditor(index)"
662-                    >
663-                      <svg xmlns="http://www.w3.org/2000/svg" class="h-3.5 w-3.5" fill="none" viewBox="0 0 24 24" stroke="currentColor" stroke-width="2">
664-                        <path stroke-linecap="round" stroke-linejoin="round" d="M11 5H6a2 2 0 00-2 2v11a2 2 0 002 2h11a2 2 0 002-2v-5m-1.414-9.414a2 2 0 112.828 2.828L11.828 15H9v-2.828l8.586-8.586z" />
665-                      </svg>
666:                      {{ expandedScriptureSlots.has(index) ? 'Close Slides Editor' : 'Edit Scripture Slides' }}

=== TC-05 test: empty reference hides button ===
167:  it('does not render "Edit Scripture Slides" button when scripture reference is empty', () => {
168-    const wrapper = mount(TestWrapper, {
169-      props: {
170-        slot: makeScriptureSlot({ book: null, chapter: null, verseStart: null, verseEnd: null }),
171-        isEditor: true,
172-      },
173-    })
174-    expect(wrapper.find('[data-testid="edit-scripture-slides-btn"]').exists()).toBe(false)
175-  })
176-
177-  it('clicking "Edit Scripture Slides" expands the editor panel', async () => {
