
[1m[46m RUN [49m[22m [36mv4.0.18 [39m[90mC:/projects/worshipplanner/.gsd-worktrees/M001[39m

 [32m✓[39m src/utils/__tests__/ccliParser.test.ts[2m > [22mparseCCLIPaste[2m > [22mreturns empty result for empty input[32m 4[2mms[22m[39m
 [32m✓[39m src/utils/__tests__/ccliParser.test.ts[2m > [22mparseCCLIPaste[2m > [22mreturns empty result for whitespace-only input[32m 1[2mms[22m[39m
 [32m✓[39m src/utils/__tests__/ccliParser.test.ts[2m > [22mparseCCLIPaste[2m > [22mparses title-only input with no sections[32m 1[2mms[22m[39m
 [32m✓[39m src/utils/__tests__/ccliParser.test.ts[2m > [22mparseCCLIPaste[2m > [22mparses legacy format with pipe-delimited authors[32m 4[2mms[22m[39m
 [32m✓[39m src/utils/__tests__/ccliParser.test.ts[2m > [22mparseCCLIPaste[2m > [22mparses 2023 format with comma-delimited authors[32m 1[2mms[22m[39m
 [32m✓[39m src/utils/__tests__/ccliParser.test.ts[2m > [22mparseCCLIPaste[2m > [22mhandles missing section numbers (defaults to unnumbered slug)[32m 1[2mms[22m[39m
 [32m✓[39m src/utils/__tests__/ccliParser.test.ts[2m > [22mparseCCLIPaste[2m > [22mhandles Pre-Chorus as a standalone section header[32m 1[2mms[22m[39m
 [32m✓[39m src/utils/__tests__/ccliParser.test.ts[2m > [22mparseCCLIPaste[2m > [22mhandles parenthetical section marker as first lyric line[32m 1[2mms[22m[39m
 [32m✓[39m src/utils/__tests__/ccliParser.test.ts[2m > [22mparseCCLIPaste[2m > [22mhandles standalone parenthetical marker without a preceding header[32m 1[2mms[22m[39m
 [32m✓[39m src/utils/__tests__/ccliParser.test.ts[2m > [22mparseCCLIPaste[2m > [22mhandles multiple copyright lines[32m 1[2mms[22m[39m
 [32m✓[39m src/utils/__tests__/ccliParser.test.ts[2m > [22mparseCCLIPaste[2m > [22mhandles ASCII (c) copyright symbol[32m 0[2mms[22m[39m
 [32m✓[39m src/utils/__tests__/ccliParser.test.ts[2m > [22mparseCCLIPaste[2m > [22mhandles uppercase (C) copyright symbol[32m 0[2mms[22m[39m
 [32m✓[39m src/utils/__tests__/ccliParser.test.ts[2m > [22mparseCCLIPaste[2m > [22mhandles CCLI Song # with no space before number[32m 0[2mms[22m[39m
 [32m✓[39m src/utils/__tests__/ccliParser.test.ts[2m > [22mparseCCLIPaste[2m > [22mgenerates correct section IDs (slugification)[32m 0[2mms[22m[39m
 [32m✓[39m src/utils/__tests__/ccliParser.test.ts[2m > [22mparseCCLIPaste[2m > [22mhandles Tag and Misc section types[32m 1[2mms[22m[39m
 [32m✓[39m src/utils/__tests__/ccliParser.test.ts[2m > [22mparseCCLIPaste[2m > [22mhandles Intro section type[32m 0[2mms[22m[39m
 [32m✓[39m src/utils/__tests__/ccliParser.test.ts[2m > [22mparseCCLIPaste[2m > [22mhandles Windows-style line endings (CRLF)[32m 0[2mms[22m[39m
 [32m✓[39m src/utils/__tests__/ccliParser.test.ts[2m > [22mparseCCLIPaste[2m > [22mcase-insensitive section header matching[32m 0[2mms[22m[39m
 [32m✓[39m src/utils/__tests__/ccliParser.test.ts[2m > [22mparseCCLIPaste[2m > [22mskips the SongSelect usage terms line in footer[32m 0[2mms[22m[39m
[90mstderr[2m | src/composables/__tests__/useAutoSave.test.ts[2m > [22m[2museAutoSave[2m > [22m[2mstarts with idle status
[22m[39m[Vue warn]: onUnmounted is called when there is no active component instance to be associated with. Lifecycle injection APIs can only be used during execution of setup(). If you are using async setup(), make sure to register lifecycle hooks before the first await statement.

[90mstderr[2m | src/composables/__tests__/useAutoSave.test.ts[2m > [22m[2museAutoSave[2m > [22m[2msuppresses the first watcher trigger (initialized guard)
[22m[39m[Vue warn]: onUnmounted is called when there is no active component instance to be associated with. Lifecycle injection APIs can only be used during execution of setup(). If you are using async setup(), make sure to register lifecycle hooks before the first await statement.

[90mstderr[2m | src/composables/__tests__/useAutoSave.test.ts[2m > [22m[2museAutoSave[2m > [22m[2mdebounces rapid changes into a single save after the debounce period
[22m[39m[Vue warn]: onUnmounted is called when there is no active component instance to be associated with. Lifecycle injection APIs can only be used during execution of setup(). If you are using async setup(), make sure to register lifecycle hooks before the first await statement.

[90mstderr[2m | src/composables/__tests__/useAutoSave.test.ts[2m > [22m[2museAutoSave[2m > [22m[2mtransitions through idle -> pending -> saving -> saved -> idle
[22m[39m[Vue warn]: onUnmounted is called when there is no active component instance to be associated with. Lifecycle injection APIs can only be used during execution of setup(). If you are using async setup(), make sure to register lifecycle hooks before the first await statement.

[90mstderr[2m | src/composables/__tests__/useAutoSave.test.ts[2m > [22m[2museAutoSave[2m > [22m[2mprevents concurrent saves via inflight guard
[22m[39m[Vue warn]: onUnmounted is called when there is no active component instance to be associated with. Lifecycle injection APIs can only be used during execution of setup(). If you are using async setup(), make sure to register lifecycle hooks before the first await statement.

[90mstderr[2m | src/composables/__tests__/useAutoSave.test.ts[2m > [22m[2museAutoSave[2m > [22m[2mflush forces immediate save bypassing debounce
[22m[39m[Vue warn]: onUnmounted is called when there is no active component instance to be associated with. Lifecycle injection APIs can only be used during execution of setup(). If you are using async setup(), make sure to register lifecycle hooks before the first await statement.

[90mstderr[2m | src/composables/__tests__/useAutoSave.test.ts[2m > [22m[2museAutoSave[2m > [22m[2mflush does nothing when status is not pending
[22m[39m[Vue warn]: onUnmounted is called when there is no active component instance to be associated with. Lifecycle injection APIs can only be used during execution of setup(). If you are using async setup(), make sure to register lifecycle hooks before the first await statement.

[90mstderr[2m | src/composables/__tests__/useAutoSave.test.ts[2m > [22m[2museAutoSave[2m > [22m[2mcleanup clears all pending timers
[22m[39m[Vue warn]: onUnmounted is called when there is no active component instance to be associated with. Lifecycle injection APIs can only be used during execution of setup(). If you are using async setup(), make sure to register lifecycle hooks before the first await statement.

[90mstderr[2m | src/composables/__tests__/useAutoSave.test.ts[2m > [22m[2museAutoSave[2m > [22m[2mskips save when isDirty is false
[22m[39m[Vue warn]: onUnmounted is called when there is no active component instance to be associated with. Lifecycle injection APIs can only be used during execution of setup(). If you are using async setup(), make sure to register lifecycle hooks before the first await statement.

[90mstderr[2m | src/composables/__tests__/useAutoSave.test.ts[2m > [22m[2museAutoSave[2m > [22m[2mskips save at timer fire when isDirty becomes false during debounce
[22m[39m[Vue warn]: onUnmounted is called when there is no active component instance to be associated with. Lifecycle injection APIs can only be used during execution of setup(). If you are using async setup(), make sure to register lifecycle hooks before the first await statement.

[90mstderr[2m | src/composables/__tests__/useAutoSave.test.ts[2m > [22m[2museAutoSave[2m > [22m[2mrespects custom debounceMs option
[22m[39m[Vue warn]: onUnmounted is called when there is no active component instance to be associated with. Lifecycle injection APIs can only be used during execution of setup(). If you are using async setup(), make sure to register lifecycle hooks before the first await statement.

[90mstderr[2m | src/composables/__tests__/useAutoSave.test.ts[2m > [22m[2museAutoSave[2m > [22m[2msaved status fades to idle after 3 seconds
[22m[39m[Vue warn]: onUnmounted is called when there is no active component instance to be associated with. Lifecycle injection APIs can only be used during execution of setup(). If you are using async setup(), make sure to register lifecycle hooks before the first await statement.

 [32m✓[39m src/composables/__tests__/useAutoSave.test.ts[2m > [22museAutoSave[2m > [22mstarts with idle status[32m 11[2mms[22m[39m
 [32m✓[39m src/composables/__tests__/useAutoSave.test.ts[2m > [22museAutoSave[2m > [22msuppresses the first watcher trigger (initialized guard)[32m 4[2mms[22m[39m
 [32m✓[39m src/composables/__tests__/useAutoSave.test.ts[2m > [22museAutoSave[2m > [22mdebounces rapid changes into a single save after the debounce period[32m 5[2mms[22m[39m
 [32m✓[39m src/composables/__tests__/useAutoSave.test.ts[2m > [22museAutoSave[2m > [22mtransitions through idle -> pending -> saving -> saved -> idle[32m 2[2mms[22m[39m
 [32m✓[39m src/composables/__tests__/useAutoSave.test.ts[2m > [22museAutoSave[2m > [22mprevents concurrent saves via inflight guard[32m 3[2mms[22m[39m
 [32m✓[39m src/composables/__tests__/useAutoSave.test.ts[2m > [22museAutoSave[2m > [22mflush forces immediate save bypassing debounce[32m 2[2mms[22m[39m
 [32m✓[39m src/composables/__tests__/useAutoSave.test.ts[2m > [22museAutoSave[2m > [22mflush does nothing when status is not pending[32m 2[2mms[22m[39m
 [32m✓[39m src/composables/__tests__/useAutoSave.test.ts[2m > [22museAutoSave[2m > [22mcleanup clears all pending timers[32m 2[2mms[22m[39m
 [32m✓[39m src/composables/__tests__/useAutoSave.test.ts[2m > [22museAutoSave[2m > [22mskips save when isDirty is false[32m 2[2mms[22m[39m
 [32m✓[39m src/composables/__tests__/useAutoSave.test.ts[2m > [22museAutoSave[2m > [22mskips save at timer fire when isDirty becomes false during debounce[32m 2[2mms[22m[39m
 [32m✓[39m src/composables/__tests__/useAutoSave.test.ts[2m > [22museAutoSave[2m > [22mrespects custom debounceMs option[32m 2[2mms[22m[39m
 [32m✓[39m src/composables/__tests__/useAutoSave.test.ts[2m > [22museAutoSave[2m > [22msaved status fades to idle after 3 seconds[32m 2[2mms[22m[39m
 [32m✓[39m src/components/__tests__/SongLyricEditor.test.ts[2m > [22mSongLyricEditor[2m > [22msubscribes to lyrics on mount[32m 47[2mms[22m[39m
 [32m✓[39m src/components/__tests__/SongLyricEditor.test.ts[2m > [22mSongLyricEditor[2m > [22mshows loading state[32m 7[2mms[22m[39m
 [32m✓[39m src/components/__tests__/SongLyricEditor.test.ts[2m > [22mSongLyricEditor[2m > [22mshows empty state when no lyrics exist[32m 34[2mms[22m[39m
 [32m✓[39m src/components/__tests__/SongLyricEditor.test.ts[2m > [22mSongLyricEditor[2m > [22mrenders sections from store data[32m 34[2mms[22m[39m
 [32m✓[39m src/components/__tests__/SongLyricEditor.test.ts[2m > [22mSongLyricEditor[2m > [22mdisplays copyright info[32m 27[2mms[22m[39m
 [32m✓[39m src/components/__tests__/SongLyricEditor.test.ts[2m > [22mSongLyricEditor[2m > [22mediting a section updates editable state[32m 42[2mms[22m[39m
 [32m✓[39m src/components/__tests__/SongLyricEditor.test.ts[2m > [22mSongLyricEditor[2m > [22museAutoSave is wired with correct arguments[32m 30[2mms[22m[39m
 [32m✓[39m src/components/__tests__/SongLyricEditor.test.ts[2m > [22mSongLyricEditor[2m > [22mshows auto-save status indicator for pending[32m 33[2mms[22m[39m
 [32m✓[39m src/components/__tests__/SongLyricEditor.test.ts[2m > [22mSongLyricEditor[2m > [22mshows auto-save status indicator for saving[32m 44[2mms[22m[39m
 [32m✓[39m src/components/__tests__/SongLyricEditor.test.ts[2m > [22mSongLyricEditor[2m > [22mshows auto-save status indicator for saved[32m 36[2mms[22m[39m
 [32m✓[39m src/components/__tests__/SongLyricEditor.test.ts[2m > [22mSongLyricEditor[2m > [22m"Save Version" button calls saveLyrics to create a new version[32m 45[2mms[22m[39m
 [32m✓[39m src/components/__tests__/SongLyricEditor.test.ts[2m > [22mSongLyricEditor[2m > [22m"Paste New Lyrics" button exists when lyrics are loaded[32m 37[2mms[22m[39m
 [32m✓[39m src/components/__tests__/SongLyricEditor.test.ts[2m > [22mSongLyricEditor[2m > [22mhides no-lyrics copyright when ccliSongNumber is empty[32m 29[2mms[22m[39m
 [32m✓[39m src/components/__tests__/SongSlideOver.test.ts[2m > [22mSongSlideOver — save[2m > [22mappends a removed theme to removedThemes on save[32m 186[2mms[22m[39m
 [32m✓[39m src/components/__tests__/LyricPasteDialog.test.ts[2m > [22mLyricPasteDialog[2m > [22mrenders nothing when closed[32m 67[2mms[22m[39m
 [32m✓[39m src/components/__tests__/LyricPasteDialog.test.ts[2m > [22mLyricPasteDialog[2m > [22mrenders textarea and confirm button when open[32m 21[2mms[22m[39m
 [32m✓[39m src/components/__tests__/LyricPasteDialog.test.ts[2m > [22mLyricPasteDialog[2m > [22mdisables confirm when textarea is empty[32m 21[2mms[22m[39m
 [32m✓[39m src/components/__tests__/PerformanceOrderBuilder.test.ts[2m > [22mPerformanceOrderBuilder[2m > [22mrenders available sections as clickable buttons[32m 57[2mms[22m[39m
 [32m✓[39m src/components/__tests__/PerformanceOrderBuilder.test.ts[2m > [22mPerformanceOrderBuilder[2m > [22mclicking a section adds it to the performance order[32m 27[2mms[22m[39m
 [32m✓[39m src/components/__tests__/PerformanceOrderBuilder.test.ts[2m > [22mPerformanceOrderBuilder[2m > [22mclicking a section multiple times adds repeats[32m 21[2mms[22m[39m
 [32m✓[39m src/components/__tests__/LyricPasteDialog.test.ts[2m > [22mLyricPasteDialog[2m > [22mshows parsed preview when text is pasted[32m 39[2mms[22m[39m
 [32m✓[39m src/components/__tests__/LyricPasteDialog.test.ts[2m > [22mLyricPasteDialog[2m > [22menables confirm when sections are parsed[32m 24[2mms[22m[39m
 [32m✓[39m src/components/__tests__/LyricPasteDialog.test.ts[2m > [22mLyricPasteDialog[2m > [22mshows copyright info in preview[32m 14[2mms[22m[39m
 [32m✓[39m src/components/__tests__/LyricPasteDialog.test.ts[2m > [22mLyricPasteDialog[2m > [22mshows warning when paste has no sections[32m 12[2mms[22m[39m
 [32m✓[39m src/components/__tests__/LyricPasteDialog.test.ts[2m > [22mLyricPasteDialog[2m > [22mcalls saveLyrics and updateSong on confirm[32m 28[2mms[22m[39m
 [32m✓[39m src/components/__tests__/SongSlideOver.test.ts[2m > [22mSongSlideOver — save[2m > [22mmerges a newly removed theme with any previously removedThemes (de-duped)[32m 49[2mms[22m[39m
 [32m✓[39m src/components/__tests__/SongSlideOver.test.ts[2m > [22mSongSlideOver — save[2m > [22mprunes a re-added theme from removedThemes on save[32m 39[2mms[22m[39m
 [32m✓[39m src/components/__tests__/SongSlideOver.test.ts[2m > [22mSongSlideOver — save[2m > [22mleaves removedThemes unchanged when the themes set is untouched[32m 37[2mms[22m[39m
 [32m✓[39m src/components/__tests__/PerformanceOrderBuilder.test.ts[2m > [22mPerformanceOrderBuilder[2m > [22mremoving a section from the order emits updated array[32m 17[2mms[22m[39m
 [32m✓[39m src/components/__tests__/PerformanceOrderBuilder.test.ts[2m > [22mPerformanceOrderBuilder[2m > [22mreset to default restores definition order (each section once)[32m 20[2mms[22m[39m
 [32m✓[39m src/components/__tests__/PerformanceOrderBuilder.test.ts[2m > [22mPerformanceOrderBuilder[2m > [22mdisplays order items with correct labels[32m 9[2mms[22m[39m
 [32m✓[39m src/components/__tests__/PerformanceOrderBuilder.test.ts[2m > [22mPerformanceOrderBuilder[2m > [22mshows empty state when no sections are in the order[32m 4[2mms[22m[39m
 [32m✓[39m src/components/__tests__/PerformanceOrderBuilder.test.ts[2m > [22mPerformanceOrderBuilder[2m > [22mhides reset button when order is empty[32m 7[2mms[22m[39m
 [32m✓[39m src/components/__tests__/LyricPasteDialog.test.ts[2m > [22mLyricPasteDialog[2m > [22memits saved after successful confirm[32m 27[2mms[22m[39m
 [32m✓[39m src/components/__tests__/LyricPasteDialog.test.ts[2m > [22mLyricPasteDialog[2m > [22mprompts discard on cancel when textarea has content[32m 13[2mms[22m[39m
 [32m✓[39m src/components/__tests__/LyricPasteDialog.test.ts[2m > [22mLyricPasteDialog[2m > [22memits close on cancel when textarea is empty[32m 10[2mms[22m[39m
 [32m✓[39m src/components/__tests__/LyricPasteDialog.test.ts[2m > [22mLyricPasteDialog[2m > [22mresets textarea when reopened[32m 28[2mms[22m[39m
 [32m✓[39m src/components/__tests__/SongSlideOver.test.ts[2m > [22mSongSlideOver — tabs[2m > [22mshows Details and Lyrics tabs in edit mode[32m 28[2mms[22m[39m
 [32m✓[39m src/components/__tests__/SongSlideOver.test.ts[2m > [22mSongSlideOver — tabs[2m > [22mdoes not show tabs in create mode[32m 23[2mms[22m[39m
 [32m✓[39m src/components/__tests__/SongSlideOver.test.ts[2m > [22mSongSlideOver — tabs[2m > [22mdefaults to Details tab showing the form fields[32m 31[2mms[22m[39m
 [32m✓[39m src/components/__tests__/SongSlideOver.test.ts[2m > [22mSongSlideOver — tabs[2m > [22mswitches to Lyrics tab on click[32m 31[2mms[22m[39m
 [32m✓[39m src/components/__tests__/LyricVersionHistory.test.ts[2m > [22mLyricVersionHistory[2m > [22mrenders version list with timestamps[32m 57[2mms[22m[39m
 [32m✓[39m src/components/__tests__/LyricVersionHistory.test.ts[2m > [22mLyricVersionHistory[2m > [22mshows "Current" badge on the active version[32m 11[2mms[22m[39m
 [32m✓[39m src/components/__tests__/LyricVersionHistory.test.ts[2m > [22mLyricVersionHistory[2m > [22mshows revert button only on non-current versions[32m 9[2mms[22m[39m
 [32m✓[39m src/components/__tests__/LyricVersionHistory.test.ts[2m > [22mLyricVersionHistory[2m > [22mshows confirm dialog and emits revert on accept[32m 14[2mms[22m[39m
 [32m✓[39m src/components/__tests__/LyricVersionHistory.test.ts[2m > [22mLyricVersionHistory[2m > [22mdoes not emit revert when confirm is cancelled[32m 6[2mms[22m[39m
 [32m✓[39m src/stores/__tests__/songLyrics.test.ts[2m > [22museSongLyricsStore[2m > [22minitial state[2m > [22mstarts with empty lyrics array[32m 33[2mms[22m[39m
 [32m✓[39m src/stores/__tests__/songLyrics.test.ts[2m > [22museSongLyricsStore[2m > [22minitial state[2m > [22mstarts with isLoading true[32m 1[2mms[22m[39m
 [32m✓[39m src/stores/__tests__/songLyrics.test.ts[2m > [22museSongLyricsStore[2m > [22minitial state[2m > [22mcurrentLyrics is null initially[32m 1[2mms[22m[39m
 [32m✓[39m src/stores/__tests__/songLyrics.test.ts[2m > [22museSongLyricsStore[2m > [22minitial state[2m > [22mlyricVersions is empty initially[32m 1[2mms[22m[39m
 [32m✓[39m src/stores/__tests__/songLyrics.test.ts[2m > [22museSongLyricsStore[2m > [22msubscribeLyrics[2m > [22mcalls onSnapshot on the lyrics subcollection[32m 2[2mms[22m[39m
 [32m✓[39m src/stores/__tests__/songLyrics.test.ts[2m > [22museSongLyricsStore[2m > [22msubscribeLyrics[2m > [22mpopulates lyrics from snapshot with { id, songId, ...data } mapping[32m 3[2mms[22m[39m
 [32m✓[39m src/stores/__tests__/songLyrics.test.ts[2m > [22museSongLyricsStore[2m > [22msubscribeLyrics[2m > [22msets isLoading to false after first snapshot[32m 1[2mms[22m[39m
 [32m✓[39m src/stores/__tests__/songLyrics.test.ts[2m > [22museSongLyricsStore[2m > [22msubscribeLyrics[2m > [22mcalling subscribeLyrics again unsubscribes previous listener first[32m 1[2mms[22m[39m
 [32m✓[39m src/stores/__tests__/songLyrics.test.ts[2m > [22museSongLyricsStore[2m > [22msubscribeLyrics[2m > [22mdefaults performanceOrder to [] for docs missing the field[32m 1[2mms[22m[39m
 [32m✓[39m src/stores/__tests__/songLyrics.test.ts[2m > [22museSongLyricsStore[2m > [22mcurrentLyrics[2m > [22mreturns the first (most recent) lyrics doc[32m 1[2mms[22m[39m
 [32m✓[39m src/stores/__tests__/songLyrics.test.ts[2m > [22museSongLyricsStore[2m > [22mcurrentLyrics[2m > [22mreturns null when no lyrics docs exist[32m 1[2mms[22m[39m
 [32m✓[39m src/stores/__tests__/songLyrics.test.ts[2m > [22museSongLyricsStore[2m > [22mlyricVersions[2m > [22mreturns all lyrics docs[32m 1[2mms[22m[39m
 [32m✓[39m src/stores/__tests__/songLyrics.test.ts[2m > [22museSongLyricsStore[2m > [22msaveLyrics[2m > [22mcalls addDoc with correct data and serverTimestamp[32m 2[2mms[22m[39m
 [32m✓[39m src/stores/__tests__/songLyrics.test.ts[2m > [22museSongLyricsStore[2m > [22mupdateCurrentLyrics[2m > [22mcalls updateDoc with partial data and serverTimestamp for updatedAt[32m 1[2mms[22m[39m
 [32m✓[39m src/stores/__tests__/songLyrics.test.ts[2m > [22museSongLyricsStore[2m > [22mupdateCurrentLyrics[2m > [22mdoes not overwrite createdAt[32m 1[2mms[22m[39m
 [32m✓[39m src/stores/__tests__/songLyrics.test.ts[2m > [22museSongLyricsStore[2m > [22mrevertToVersion[2m > [22mreads the version doc and creates a new doc with its data + fresh timestamps[32m 1[2mms[22m[39m
 [32m✓[39m src/stores/__tests__/songLyrics.test.ts[2m > [22museSongLyricsStore[2m > [22mrevertToVersion[2m > [22mdoes nothing when version doc does not exist[32m 1[2mms[22m[39m
 [32m✓[39m src/stores/__tests__/songLyrics.test.ts[2m > [22museSongLyricsStore[2m > [22mupdatePerformanceOrder[2m > [22mcalls updateDoc on the Song doc with the new order and serverTimestamp[32m 1[2mms[22m[39m
 [32m✓[39m src/stores/__tests__/songLyrics.test.ts[2m > [22museSongLyricsStore[2m > [22munsubscribeLyrics[2m > [22mcalls the unsubscribe fn and resets state[32m 1[2mms[22m[39m
 [32m✓[39m src/stores/__tests__/songLyrics.test.ts[2m > [22museSongLyricsStore[2m > [22munsubscribeLyrics[2m > [22mis safe to call when no subscription is active[32m 2[2mms[22m[39m
 [32m✓[39m src/components/__tests__/LyricVersionHistory.test.ts[2m > [22mLyricVersionHistory[2m > [22mrenders empty state when no versions[32m 4[2mms[22m[39m
 [32m✓[39m src/components/__tests__/LyricVersionHistory.test.ts[2m > [22mLyricVersionHistory[2m > [22mformats relative time for days[32m 6[2mms[22m[39m
 [32m✓[39m src/components/__tests__/LyricVersionHistory.test.ts[2m > [22mLyricVersionHistory[2m > [22mhandles null/invalid timestamps gracefully[32m 4[2mms[22m[39m

[2m Test Files [22m [1m[32m8 passed[39m[22m[90m (8)[39m
[2m      Tests [22m [1m[32m100 passed[39m[22m[90m (100)[39m
[2m   Start at [22m 09:18:21
[2m   Duration [22m 12.11s[2m (transform 1.59s, setup 0ms, import 3.56s, tests 1.59s, environment 23.21s)[22m

