[90mstderr[2m | src/utils/__tests__/claudeApi.test.ts[2m > [22m[2mgetSongSuggestions[2m > [22m[2mreturns null when API throws an error
[22m[39m[claudeApi] getSongSuggestions failed: Error: Unauthorized
    at C:/projects/worshipplanner/.gsd-worktrees/M001/src/utils/__tests__/claudeApi.test.ts:197:38
    at file:///C:/projects/worshipplanner/node_modules/[4m@vitest/runner[24m/dist/index.js:145:11
    at file:///C:/projects/worshipplanner/node_modules/[4m@vitest/runner[24m/dist/index.js:915:26
    at file:///C:/projects/worshipplanner/node_modules/[4m@vitest/runner[24m/dist/index.js:1243:20
    at new Promise (<anonymous>)
    at runWithTimeout (file:///C:/projects/worshipplanner/node_modules/[4m@vitest/runner[24m/dist/index.js:1209:10)
    at file:///C:/projects/worshipplanner/node_modules/[4m@vitest/runner[24m/dist/index.js:1653:37
    at Traces.$ (file:///C:/projects/worshipplanner/node_modules/[4mvitest[24m/dist/chunks/traces.CCmnQaNT.js:142:27)
    at trace (file:///C:/projects/worshipplanner/node_modules/[4mvitest[24m/dist/chunks/test.B8ej_ZHS.js:239:21)
    at runTest (file:///C:/projects/worshipplanner/node_modules/[4m@vitest/runner[24m/dist/index.js:1653:12)

[90mstderr[2m | src/utils/__tests__/claudeApi.test.ts[2m > [22m[2mgetScriptureSuggestions[2m > [22m[2mreturns null when API throws an error
[22m[39m[claudeApi] getScriptureSuggestions failed: Error: Network error
    at C:/projects/worshipplanner/.gsd-worktrees/M001/src/utils/__tests__/claudeApi.test.ts:287:38
    at file:///C:/projects/worshipplanner/node_modules/[4m@vitest/runner[24m/dist/index.js:145:11
    at file:///C:/projects/worshipplanner/node_modules/[4m@vitest/runner[24m/dist/index.js:915:26
    at file:///C:/projects/worshipplanner/node_modules/[4m@vitest/runner[24m/dist/index.js:1243:20
    at new Promise (<anonymous>)
    at runWithTimeout (file:///C:/projects/worshipplanner/node_modules/[4m@vitest/runner[24m/dist/index.js:1209:10)
    at file:///C:/projects/worshipplanner/node_modules/[4m@vitest/runner[24m/dist/index.js:1653:37
    at Traces.$ (file:///C:/projects/worshipplanner/node_modules/[4mvitest[24m/dist/chunks/traces.CCmnQaNT.js:142:27)
    at trace (file:///C:/projects/worshipplanner/node_modules/[4mvitest[24m/dist/chunks/test.B8ej_ZHS.js:239:21)
    at runTest (file:///C:/projects/worshipplanner/node_modules/[4m@vitest/runner[24m/dist/index.js:1653:12)

[90mstderr[2m | src/components/__tests__/SongTable.test.ts[2m > [22m[2mSongTable[2m > [22m[2mcolumn visibility[2m > [22m[2mdoes not render the Themes column header when columnVisibility.themes is false
[22m[39m[Vue warn]: Failed to resolve component: router-link
If this is a native custom element, make sure to exclude it from component resolution via compilerOptions.isCustomElement. 
  at <SongTable songs= [
  {
    id: [32m'song-1'[39m,
    title: [32m'Amazing Grace'[39m,
    ccliNumber: [32m'12345'[39m,
    author: [32m'John Newton'[39m,
    themes: [ [32m'Grace'[39m, [32m'Redemption'[39m ],
    notes: [32m''[39m,
    vwTypes: [ [33m1[39m ],
    arrangements: [],
    primaryArrangementId: [1mnull[22m,
    lastUsedAt: [1mnull[22m,
    createdAt: {},
    updatedAt: {},
    pcSongId: [1mnull[22m,
    hidden: [33mfalse[39m,
    tags: [ [32m'Christmas'[39m ],
    removedThemes: []
  }
] loading=false ref="VTU_COMPONENT" > 
  at <VTUROOT>

[90mstderr[2m | src/components/__tests__/SongTable.test.ts[2m > [22m[2mSongTable[2m > [22m[2mcolumn visibility[2m > [22m[2mrenders the Themes column header when columnVisibility.themes is true
[22m[39m[Vue warn]: Failed to resolve component: router-link
If this is a native custom element, make sure to exclude it from component resolution via compilerOptions.isCustomElement. 
  at <SongTable songs= [
  {
    id: [32m'song-1'[39m,
    title: [32m'Amazing Grace'[39m,
    ccliNumber: [32m'12345'[39m,
    author: [32m'John Newton'[39m,
    themes: [ [32m'Grace'[39m, [32m'Redemption'[39m ],
    notes: [32m''[39m,
    vwTypes: [ [33m1[39m ],
    arrangements: [],
    primaryArrangementId: [1mnull[22m,
    lastUsedAt: [1mnull[22m,
    createdAt: {},
    updatedAt: {},
    pcSongId: [1mnull[22m,
    hidden: [33mfalse[39m,
    tags: [ [32m'Christmas'[39m ],
    removedThemes: []
  }
] loading=false ref="VTU_COMPONENT" > 
  at <VTUROOT>

[90mstderr[2m | src/components/__tests__/SongTable.test.ts[2m > [22m[2mSongTable[2m > [22m[2mVW mode gating[2m > [22m[2mdoes not render the Category column header when vwModeEnabled is false
[22m[39m[Vue warn]: Failed to resolve component: router-link
If this is a native custom element, make sure to exclude it from component resolution via compilerOptions.isCustomElement. 
  at <SongTable songs= [
  {
    id: [32m'song-1'[39m,
    title: [32m'Amazing Grace'[39m,
    ccliNumber: [32m'12345'[39m,
    author: [32m'John Newton'[39m,
    themes: [ [32m'Grace'[39m, [32m'Redemption'[39m ],
    notes: [32m''[39m,
    vwTypes: [ [33m1[39m ],
    arrangements: [],
    primaryArrangementId: [1mnull[22m,
    lastUsedAt: [1mnull[22m,
    createdAt: {},
    updatedAt: {},
    pcSongId: [1mnull[22m,
    hidden: [33mfalse[39m,
    tags: [ [32m'Christmas'[39m ],
    removedThemes: []
  }
] loading=false ref="VTU_COMPONENT" > 
  at <VTUROOT>

[90mstderr[2m | src/components/__tests__/SongTable.test.ts[2m > [22m[2mSongTable[2m > [22m[2mVW mode gating[2m > [22m[2mrenders the Category column header when vwModeEnabled is true
[22m[39m[Vue warn]: Failed to resolve component: router-link
If this is a native custom element, make sure to exclude it from component resolution via compilerOptions.isCustomElement. 
  at <SongTable songs= [
  {
    id: [32m'song-1'[39m,
    title: [32m'Amazing Grace'[39m,
    ccliNumber: [32m'12345'[39m,
    author: [32m'John Newton'[39m,
    themes: [ [32m'Grace'[39m, [32m'Redemption'[39m ],
    notes: [32m''[39m,
    vwTypes: [ [33m1[39m ],
    arrangements: [],
    primaryArrangementId: [1mnull[22m,
    lastUsedAt: [1mnull[22m,
    createdAt: {},
    updatedAt: {},
    pcSongId: [1mnull[22m,
    hidden: [33mfalse[39m,
    tags: [ [32m'Christmas'[39m ],
    removedThemes: []
  }
] loading=false ref="VTU_COMPONENT" > 
  at <VTUROOT>

[90mstderr[2m | src/components/__tests__/SongTable.test.ts[2m > [22m[2mSongTable[2m > [22m[2mTags/Themes split[2m > [22m[2mrenders tags in the Tags cell and themes in the Themes cell, with no team pills
[22m[39m[Vue warn]: Failed to resolve component: router-link
If this is a native custom element, make sure to exclude it from component resolution via compilerOptions.isCustomElement. 
  at <SongTable songs= [
  {
    id: [32m'song-1'[39m,
    title: [32m'Amazing Grace'[39m,
    ccliNumber: [32m'12345'[39m,
    author: [32m'John Newton'[39m,
    themes: [ [32m'Grace'[39m ],
    notes: [32m''[39m,
    vwTypes: [ [33m1[39m ],
    arrangements: [],
    primaryArrangementId: [1mnull[22m,
    lastUsedAt: [1mnull[22m,
    createdAt: {},
    updatedAt: {},
    pcSongId: [1mnull[22m,
    hidden: [33mfalse[39m,
    tags: [ [32m'Christmas'[39m, [32m'Choir'[39m ],
    removedThemes: []
  }
] loading=false ref="VTU_COMPONENT" > 
  at <VTUROOT>

[90mstderr[2m | src/components/__tests__/SongTable.test.ts[2m > [22m[2mSongTable[2m > [22m[2mTags/Themes split[2m > [22m[2mdoes not render inline add/remove controls on the listing (display-only)
[22m[39m[Vue warn]: Failed to resolve component: router-link
If this is a native custom element, make sure to exclude it from component resolution via compilerOptions.isCustomElement. 
  at <SongTable songs= [
  {
    id: [32m'song-1'[39m,
    title: [32m'Amazing Grace'[39m,
    ccliNumber: [32m'12345'[39m,
    author: [32m'John Newton'[39m,
    themes: [ [32m'Grace'[39m ],
    notes: [32m''[39m,
    vwTypes: [ [33m1[39m ],
    arrangements: [],
    primaryArrangementId: [1mnull[22m,
    lastUsedAt: [1mnull[22m,
    createdAt: {},
    updatedAt: {},
    pcSongId: [1mnull[22m,
    hidden: [33mfalse[39m,
    tags: [ [32m'Christmas'[39m ],
    removedThemes: []
  }
] loading=false ref="VTU_COMPONENT" > 
  at <VTUROOT>

[90mstderr[2m | src/components/__tests__/SongTable.test.ts[2m > [22m[2mSongTable[2m > [22m[2mclick-to-filter[2m > [22m[2msets a tag:-scoped search query when a tag pill is clicked
[22m[39m[Vue warn]: Failed to resolve component: router-link
If this is a native custom element, make sure to exclude it from component resolution via compilerOptions.isCustomElement. 
  at <SongTable songs= [
  {
    id: [32m'song-1'[39m,
    title: [32m'Amazing Grace'[39m,
    ccliNumber: [32m'12345'[39m,
    author: [32m'John Newton'[39m,
    themes: [],
    notes: [32m''[39m,
    vwTypes: [ [33m1[39m ],
    arrangements: [],
    primaryArrangementId: [1mnull[22m,
    lastUsedAt: [1mnull[22m,
    createdAt: {},
    updatedAt: {},
    pcSongId: [1mnull[22m,
    hidden: [33mfalse[39m,
    tags: [ [32m'Christmas'[39m ],
    removedThemes: []
  }
] loading=false ref="VTU_COMPONENT" > 
  at <VTUROOT>

[90mstderr[2m | src/components/__tests__/SongTable.test.ts[2m > [22m[2mSongTable[2m > [22m[2mclick-to-filter[2m > [22m[2msets a theme:-scoped search query when a theme pill is clicked
[22m[39m[Vue warn]: Failed to resolve component: router-link
If this is a native custom element, make sure to exclude it from component resolution via compilerOptions.isCustomElement. 
  at <SongTable songs= [
  {
    id: [32m'song-1'[39m,
    title: [32m'Amazing Grace'[39m,
    ccliNumber: [32m'12345'[39m,
    author: [32m'John Newton'[39m,
    themes: [ [32m'Grace'[39m ],
    notes: [32m''[39m,
    vwTypes: [ [33m1[39m ],
    arrangements: [],
    primaryArrangementId: [1mnull[22m,
    lastUsedAt: [1mnull[22m,
    createdAt: {},
    updatedAt: {},
    pcSongId: [1mnull[22m,
    hidden: [33mfalse[39m,
    tags: [],
    removedThemes: []
  }
] loading=false ref="VTU_COMPONENT" > 
  at <VTUROOT>

[90mstderr[2m | src/components/__tests__/SongTable.test.ts[2m > [22m[2mSongTable[2m > [22m[2mclick-to-filter[2m > [22m[2msets a type:-scoped search query when a category badge is clicked
[22m[39m[Vue warn]: Failed to resolve component: router-link
If this is a native custom element, make sure to exclude it from component resolution via compilerOptions.isCustomElement. 
  at <SongTable songs= [
  {
    id: [32m'song-1'[39m,
    title: [32m'Amazing Grace'[39m,
    ccliNumber: [32m'12345'[39m,
    author: [32m'John Newton'[39m,
    themes: [ [32m'Grace'[39m, [32m'Redemption'[39m ],
    notes: [32m''[39m,
    vwTypes: [ [33m2[39m ],
    arrangements: [],
    primaryArrangementId: [1mnull[22m,
    lastUsedAt: [1mnull[22m,
    createdAt: {},
    updatedAt: {},
    pcSongId: [1mnull[22m,
    hidden: [33mfalse[39m,
    tags: [ [32m'Christmas'[39m ],
    removedThemes: []
  }
] loading=false ref="VTU_COMPONENT" > 
  at <VTUROOT>

[90mstderr[2m | src/components/__tests__/SongTable.test.ts[2m > [22m[2mSongTable[2m > [22m[2mclick-to-filter[2m > [22m[2mappends (does not replace) when a second pill is clicked — additive AND
[22m[39m[Vue warn]: Failed to resolve component: router-link
If this is a native custom element, make sure to exclude it from component resolution via compilerOptions.isCustomElement. 
  at <SongTable songs= [
  {
    id: [32m'song-1'[39m,
    title: [32m'Amazing Grace'[39m,
    ccliNumber: [32m'12345'[39m,
    author: [32m'John Newton'[39m,
    themes: [],
    notes: [32m''[39m,
    vwTypes: [ [33m2[39m ],
    arrangements: [],
    primaryArrangementId: [1mnull[22m,
    lastUsedAt: [1mnull[22m,
    createdAt: {},
    updatedAt: {},
    pcSongId: [1mnull[22m,
    hidden: [33mfalse[39m,
    tags: [ [32m'Acoustic'[39m ],
    removedThemes: []
  }
] loading=false ref="VTU_COMPONENT" > 
  at <VTUROOT>

[90mstderr[2m | src/components/__tests__/SongTable.test.ts[2m > [22m[2mSongTable[2m > [22m[2mclick-to-filter[2m > [22m[2mpreserves free text the user already typed and appends the pill term
[22m[39m[Vue warn]: Failed to resolve component: router-link
If this is a native custom element, make sure to exclude it from component resolution via compilerOptions.isCustomElement. 
  at <SongTable songs= [
  {
    id: [32m'song-1'[39m,
    title: [32m'Amazing Grace'[39m,
    ccliNumber: [32m'12345'[39m,
    author: [32m'John Newton'[39m,
    themes: [],
    notes: [32m''[39m,
    vwTypes: [ [33m1[39m ],
    arrangements: [],
    primaryArrangementId: [1mnull[22m,
    lastUsedAt: [1mnull[22m,
    createdAt: {},
    updatedAt: {},
    pcSongId: [1mnull[22m,
    hidden: [33mfalse[39m,
    tags: [ [32m'Acoustic'[39m ],
    removedThemes: []
  }
] loading=false ref="VTU_COMPONENT" > 
  at <VTUROOT>

[90mstderr[2m | src/components/__tests__/SongTable.test.ts[2m > [22m[2mSongTable[2m > [22m[2mclick-to-filter[2m > [22m[2mdoes not stack duplicates when the same pill is clicked twice
[22m[39m[Vue warn]: Failed to resolve component: router-link
If this is a native custom element, make sure to exclude it from component resolution via compilerOptions.isCustomElement. 
  at <SongTable songs= [
  {
    id: [32m'song-1'[39m,
    title: [32m'Amazing Grace'[39m,
    ccliNumber: [32m'12345'[39m,
    author: [32m'John Newton'[39m,
    themes: [],
    notes: [32m''[39m,
    vwTypes: [ [33m1[39m ],
    arrangements: [],
    primaryArrangementId: [1mnull[22m,
    lastUsedAt: [1mnull[22m,
    createdAt: {},
    updatedAt: {},
    pcSongId: [1mnull[22m,
    hidden: [33mfalse[39m,
    tags: [ [32m'Acoustic'[39m ],
    removedThemes: []
  }
] loading=false ref="VTU_COMPONENT" > 
  at <VTUROOT>

[90mstderr[2m | src/components/__tests__/SongTable.test.ts[2m > [22m[2mSongTable[2m > [22m[2mclick-to-filter[2m > [22m[2mdoes not stack duplicates when a multi-word tag pill is clicked twice
[22m[39m[Vue warn]: Failed to resolve component: router-link
If this is a native custom element, make sure to exclude it from component resolution via compilerOptions.isCustomElement. 
  at <SongTable songs= [
  {
    id: [32m'song-1'[39m,
    title: [32m'Amazing Grace'[39m,
    ccliNumber: [32m'12345'[39m,
    author: [32m'John Newton'[39m,
    themes: [],
    notes: [32m''[39m,
    vwTypes: [ [33m1[39m ],
    arrangements: [],
    primaryArrangementId: [1mnull[22m,
    lastUsedAt: [1mnull[22m,
    createdAt: {},
    updatedAt: {},
    pcSongId: [1mnull[22m,
    hidden: [33mfalse[39m,
    tags: [ [32m'Christmas Eve'[39m ],
    removedThemes: []
  }
] loading=false ref="VTU_COMPONENT" > 
  at <VTUROOT>

[90mstderr[2m | src/components/__tests__/SongTable.test.ts[2m > [22m[2mSongTable[2m > [22m[2mclick-to-filter[2m > [22m[2mdoes not stack duplicates when a multi-word theme pill is clicked twice
[22m[39m[Vue warn]: Failed to resolve component: router-link
If this is a native custom element, make sure to exclude it from component resolution via compilerOptions.isCustomElement. 
  at <SongTable songs= [
  {
    id: [32m'song-1'[39m,
    title: [32m'Amazing Grace'[39m,
    ccliNumber: [32m'12345'[39m,
    author: [32m'John Newton'[39m,
    themes: [ [32m'Christmas Eve'[39m ],
    notes: [32m''[39m,
    vwTypes: [ [33m1[39m ],
    arrangements: [],
    primaryArrangementId: [1mnull[22m,
    lastUsedAt: [1mnull[22m,
    createdAt: {},
    updatedAt: {},
    pcSongId: [1mnull[22m,
    hidden: [33mfalse[39m,
    tags: [],
    removedThemes: []
  }
] loading=false ref="VTU_COMPONENT" > 
  at <VTUROOT>

[90mstderr[2m | src/components/__tests__/SongTable.test.ts[2m > [22m[2mSongTable[2m > [22m[2mclick-to-filter[2m > [22m[2mdoes not falsely de-dupe a multi-word term against a different prior term with overlapping prefix
[22m[39m[Vue warn]: Failed to resolve component: router-link
If this is a native custom element, make sure to exclude it from component resolution via compilerOptions.isCustomElement. 
  at <SongTable songs= [
  {
    id: [32m'song-1'[39m,
    title: [32m'Amazing Grace'[39m,
    ccliNumber: [32m'12345'[39m,
    author: [32m'John Newton'[39m,
    themes: [],
    notes: [32m''[39m,
    vwTypes: [ [33m1[39m ],
    arrangements: [],
    primaryArrangementId: [1mnull[22m,
    lastUsedAt: [1mnull[22m,
    createdAt: {},
    updatedAt: {},
    pcSongId: [1mnull[22m,
    hidden: [33mfalse[39m,
    tags: [ [32m'Christmas Eve'[39m ],
    removedThemes: []
  }
] loading=false ref="VTU_COMPONENT" > 
  at <VTUROOT>

[90mstderr[2m | src/composables/__tests__/useAutoSave.test.ts[2m > [22m[2museAutoSave[2m > [22m[2mstarts with idle status
[22m[39m[Vue warn]: onUnmounted is called when there is no active component instance to be associated with. Lifecycle injection APIs can only be used during execution of setup(). If you are using async setup(), make sure to register lifecycle hooks before the first await statement.

[90mstderr[2m | src/composables/__tests__/useAutoSave.test.ts[2m > [22m[2museAutoSave[2m > [22m[2msuppresses the first watcher trigger (initialized guard)
[22m[39m[Vue warn]: onUnmounted is called when there is no active component instance to be associated with. Lifecycle injection APIs can only be used during execution of setup(). If you are using async setup(), make sure to register lifecycle hooks before the first await statement.

[90mstderr[2m | src/composables/__tests__/useAutoSave.test.ts[2m > [22m[2museAutoSave[2m > [22m[2mdebounces rapid changes into a single save after the debounce period
[22m[39m[Vue warn]: onUnmounted is called when there is no active component instance to be associated with. Lifecycle injection APIs can only be used during execution of setup(). If you are using async setup(), make sure to register lifecycle hooks before the first await statement.

[90mstderr[2m | src/composables/__tests__/useAutoSave.test.ts[2m > [22m[2museAutoSave[2m > [22m[2mtransitions through idle -> pending -> saving -> saved -> idle
[22m[39m[Vue warn]: onUnmounted is called when there is no active component instance to be associated with. Lifecycle injection APIs can only be used during execution of setup(). If you are using async setup(), make sure to register lifecycle hooks before the first await statement.

[90mstderr[2m | src/composables/__tests__/useAutoSave.test.ts[2m > [22m[2museAutoSave[2m > [22m[2mprevents concurrent saves via inflight guard
[22m[39m[Vue warn]: onUnmounted is called when there is no active component instance to be associated with. Lifecycle injection APIs can only be used during execution of setup(). If you are using async setup(), make sure to register lifecycle hooks before the first await statement.

[90mstderr[2m | src/composables/__tests__/useAutoSave.test.ts[2m > [22m[2museAutoSave[2m > [22m[2mflush forces immediate save bypassing debounce
[22m[39m[Vue warn]: onUnmounted is called when there is no active component instance to be associated with. Lifecycle injection APIs can only be used during execution of setup(). If you are using async setup(), make sure to register lifecycle hooks before the first await statement.

[90mstderr[2m | src/composables/__tests__/useAutoSave.test.ts[2m > [22m[2museAutoSave[2m > [22m[2mflush does nothing when status is not pending
[22m[39m[Vue warn]: onUnmounted is called when there is no active component instance to be associated with. Lifecycle injection APIs can only be used during execution of setup(). If you are using async setup(), make sure to register lifecycle hooks before the first await statement.

[90mstderr[2m | src/composables/__tests__/useAutoSave.test.ts[2m > [22m[2museAutoSave[2m > [22m[2mcleanup clears all pending timers
[22m[39m[Vue warn]: onUnmounted is called when there is no active component instance to be associated with. Lifecycle injection APIs can only be used during execution of setup(). If you are using async setup(), make sure to register lifecycle hooks before the first await statement.

[90mstderr[2m | src/composables/__tests__/useAutoSave.test.ts[2m > [22m[2museAutoSave[2m > [22m[2mskips save when isDirty is false
[22m[39m[Vue warn]: onUnmounted is called when there is no active component instance to be associated with. Lifecycle injection APIs can only be used during execution of setup(). If you are using async setup(), make sure to register lifecycle hooks before the first await statement.

[90mstderr[2m | src/composables/__tests__/useAutoSave.test.ts[2m > [22m[2museAutoSave[2m > [22m[2mskips save at timer fire when isDirty becomes false during debounce
[22m[39m[Vue warn]: onUnmounted is called when there is no active component instance to be associated with. Lifecycle injection APIs can only be used during execution of setup(). If you are using async setup(), make sure to register lifecycle hooks before the first await statement.

[90mstderr[2m | src/composables/__tests__/useAutoSave.test.ts[2m > [22m[2museAutoSave[2m > [22m[2mrespects custom debounceMs option
[22m[39m[Vue warn]: onUnmounted is called when there is no active component instance to be associated with. Lifecycle injection APIs can only be used during execution of setup(). If you are using async setup(), make sure to register lifecycle hooks before the first await statement.

[90mstderr[2m | src/composables/__tests__/useAutoSave.test.ts[2m > [22m[2museAutoSave[2m > [22m[2msaved status fades to idle after 3 seconds
[22m[39m[Vue warn]: onUnmounted is called when there is no active component instance to be associated with. Lifecycle injection APIs can only be used during execution of setup(). If you are using async setup(), make sure to register lifecycle hooks before the first await statement.


[31m⎯⎯⎯⎯⎯⎯⎯[39m[1m[41m Failed Tests 1 [49m[22m[31m⎯⎯⎯⎯⎯⎯⎯[39m

[41m[1m FAIL [22m[49m src/views/__tests__/RosterView.test.ts[2m > [22mRosterView — collapsible dense sections (R-11)[2m > [22mwraps Roles config in CollapsibleSection
[31m[1mAssertionError[22m: expected 'Volunteers1 active volunteer Import f…' to contain 'Roles config'[39m

Expected: [32m"Roles config"[39m
Received: [31m"Volunteers1 active volunteer Import from Planning Center  Add Volunteer  Volunteers  Roles All rolesdrumsguitarvocals Show inactive  Name ▲EmailPhone Roles StatusAlicep-active@example.com——ActiveDanger ZonePermanently delete every volunteer for this organization — use this to clear a bad import before re-importing selectively. This cannot be undone. Clear all volunteers (1)"[39m

[36m [2m❯[22m src/views/__tests__/RosterView.test.ts:[2m170:28[22m[39m
    [90m168| [39m    [35mconst[39m wrapper [33m=[39m [34mmountRosterView[39m()
    [90m169| [39m
    [90m170| [39m    [34mexpect[39m(wrapper[33m.[39m[34mtext[39m())[33m.[39m[34mtoContain[39m([32m'Roles config'[39m)
    [90m   | [39m                           [31m^[39m
    [90m171| [39m  })
    [90m172| [39m})

[31m[2m⎯⎯⎯⎯⎯⎯⎯⎯⎯⎯⎯⎯⎯⎯⎯⎯⎯⎯⎯⎯⎯⎯⎯⎯[1/1]⎯[22m[39m

