
[1m[46m RUN [49m[22m [36mv4.0.18 [39m[90mC:/projects/worshipplanner/.gsd-worktrees/M001[39m

 [32m✓[39m src/components/__tests__/LyricVersionHistory.test.ts[2m > [22mLyricVersionHistory[2m > [22mrenders version list with timestamps[32m 72[2mms[22m[39m
 [32m✓[39m src/components/__tests__/LyricVersionHistory.test.ts[2m > [22mLyricVersionHistory[2m > [22mshows "Current" badge on the active version[32m 16[2mms[22m[39m
 [32m✓[39m src/components/__tests__/LyricVersionHistory.test.ts[2m > [22mLyricVersionHistory[2m > [22mshows revert button only on non-current versions[32m 9[2mms[22m[39m
 [32m✓[39m src/components/__tests__/LyricVersionHistory.test.ts[2m > [22mLyricVersionHistory[2m > [22mshows confirm dialog and emits revert on accept[32m 17[2mms[22m[39m
 [32m✓[39m src/components/__tests__/LyricVersionHistory.test.ts[2m > [22mLyricVersionHistory[2m > [22mdoes not emit revert when confirm is cancelled[32m 13[2mms[22m[39m
 [32m✓[39m src/components/__tests__/LyricVersionHistory.test.ts[2m > [22mLyricVersionHistory[2m > [22mrenders empty state when no versions[32m 16[2mms[22m[39m
 [32m✓[39m src/components/__tests__/LyricVersionHistory.test.ts[2m > [22mLyricVersionHistory[2m > [22mformats relative time for days[32m 4[2mms[22m[39m
 [32m✓[39m src/components/__tests__/LyricVersionHistory.test.ts[2m > [22mLyricVersionHistory[2m > [22mhandles null/invalid timestamps gracefully[32m 4[2mms[22m[39m
 [32m✓[39m src/components/__tests__/SongSlideOver.test.ts[2m > [22mSongSlideOver — save[2m > [22mappends a removed theme to removedThemes on save[32m 109[2mms[22m[39m
 [32m✓[39m src/components/__tests__/SongSlideOver.test.ts[2m > [22mSongSlideOver — save[2m > [22mmerges a newly removed theme with any previously removedThemes (de-duped)[32m 29[2mms[22m[39m
 [32m✓[39m src/components/__tests__/SongSlideOver.test.ts[2m > [22mSongSlideOver — save[2m > [22mprunes a re-added theme from removedThemes on save[32m 61[2mms[22m[39m
 [32m✓[39m src/components/__tests__/SongSlideOver.test.ts[2m > [22mSongSlideOver — save[2m > [22mleaves removedThemes unchanged when the themes set is untouched[32m 24[2mms[22m[39m
 [32m✓[39m src/components/__tests__/SongSlideOver.test.ts[2m > [22mSongSlideOver — tabs[2m > [22mshows Details and Lyrics tabs in edit mode[32m 19[2mms[22m[39m
 [32m✓[39m src/components/__tests__/SongSlideOver.test.ts[2m > [22mSongSlideOver — tabs[2m > [22mdoes not show tabs in create mode[32m 14[2mms[22m[39m
 [32m✓[39m src/components/__tests__/SongSlideOver.test.ts[2m > [22mSongSlideOver — tabs[2m > [22mdefaults to Details tab showing the form fields[32m 15[2mms[22m[39m
 [32m✓[39m src/components/__tests__/SongSlideOver.test.ts[2m > [22mSongSlideOver — tabs[2m > [22mswitches to Lyrics tab on click[32m 19[2mms[22m[39m

[2m Test Files [22m [1m[32m2 passed[39m[22m[90m (2)[39m
[2m      Tests [22m [1m[32m16 passed[39m[22m[90m (16)[39m
[2m   Start at [22m 09:17:04
[2m   Duration [22m 4.73s[2m (transform 1.67s, setup 0ms, import 2.27s, tests 448ms, environment 5.51s)[22m

