=== S02 test files ===
src/components/__tests__/CongregationalEditor.test.ts
src/components/__tests__/ScriptureSlideEditor.test.ts
src/components/__tests__/ServiceScriptureIntegration.test.ts
src/stores/__tests__/scriptureSlides.test.ts
src/utils/__tests__/scriptureSplitter.test.ts

=== Test count ===
 [32m✓[39m src/utils/__tests__/slug.test.ts[2m > [22mderiveSlug[2m > [22mtrims leading/trailing hyphens produced by leading/trailing punctuation[32m 0[2mms[22m[39m
 [32m✓[39m src/utils/__tests__/slug.test.ts[2m > [22mderiveSlug[2m > [22mcollapses runs of non-alphanumeric characters into a single hyphen[32m 0[2mms[22m[39m
 [32m✓[39m src/utils/__tests__/slug.test.ts[2m > [22mderiveSlug[2m > [22mmatches the sanitization contract for arbitrary mixed input[32m 0[2mms[22m[39m
 [32m✓[39m src/utils/__tests__/slug.test.ts[2m > [22mderiveSlug[2m > [22ma reserved word input derives to a value present in RESERVED_SLUGS[32m 0[2mms[22m[39m
 [32m✓[39m src/utils/__tests__/slug.test.ts[2m > [22mRESERVED_SLUGS[2m > [22mcontains all 13 reserved segments from D-19 (plus renamed /volunteers, /admins routes, and Phase 17 service-share)[32m 1[2mms[22m[39m

[31m⎯⎯⎯⎯⎯⎯⎯[39m[1m[41m Failed Tests 1 [49m[22m[31m⎯⎯⎯⎯⎯⎯⎯[39m

[41m[1m FAIL [22m[49m src/views/__tests__/RosterView.test.ts[2m > [22mRosterView — collapsible dense sections (R-11)[2m > [22mwraps Roles config in CollapsibleSection
[31m[1mAssertionError[22m: expected 'Volunteers1 active volunteer Import f…' to contain 'Roles config'[39m

Expected: [32m"Roles config"[39m
Received: [31m"Volunteers1 active volunteer Import from Planning Center  Add Volunteer  Volunteers  Roles All rolesdrumsguitarvocals Show inactive  Name ▲EmailPhone Roles StatusAlicep-active@example.com——ActiveDanger ZonePermanently delete every volunteer for this organization — use this to clear a bad import before re-importing selectively. This cannot be undone. Clear all volunteers (1)"[39m

[36m [2m❯[22m src/views/__tests__/RosterView.test.ts:[2m170:28[22m[39m
    [90m168| [39m    [35mconst[39m wrapper [33m=[39m [34mmountRosterView[39m()
    [90m169| [39m
    [90m170| [39m    [34mexpect[39m(wrapper[33m.[39m[34mtext[39m())[33m.[39m[34mtoContain[39m([32m'Roles config'[39m)
    [90m   | [39m                           [31m^[39m
    [90m171| [39m  })
    [90m172| [39m})

[31m[2m⎯⎯⎯⎯⎯⎯⎯⎯⎯⎯⎯⎯⎯⎯⎯⎯⎯⎯⎯⎯⎯⎯⎯⎯[1/1]⎯[22m[39m


[2m Test Files [22m [1m[31m1 failed[39m[22m[2m | [22m[1m[32m47 passed[39m[22m[90m (48)[39m
[2m      Tests [22m [1m[31m1 failed[39m[22m[2m | [22m[1m[32m944 passed[39m[22m[90m (945)[39m
[2m   Start at [22m 10:20:52
[2m   Duration [22m 104.76s[2m (transform 9.73s, setup 0ms, import 21.08s, tests 18.78s, environment 233.58s)[22m

