=== TC-03: Congregational reading mode toggle ===
--- CongregationalEditor: Leader/Congregation labels and toggle ---
5:      <h3 class="text-sm font-semibold text-gray-100">Congregational Reading</h3>
62:      <div v-if="sections.length > 0" class="space-y-3" data-testid="sections-container">
64:          v-for="(section, idx) in sections"
67:          :class="section.speaker === 'LEADER'
72:            <span class="text-xs text-gray-500" v-if="section.verseRange">
73:              {{ section.verseRange }}
77:              :data-testid="`speaker-toggle-${idx}`"
78:              @click="toggleSpeaker(idx)"
80:              :class="section.speaker === 'LEADER'
84:              {{ section.speaker === 'LEADER' ? 'Leader' : 'Congregation' }}
89:            :class="section.speaker === 'LEADER'
93:            {{ section.text }}
99:      <div v-if="sections.length > 0" data-testid="preview-panel" class="mt-6 rounded-lg bg-gray-900/50 border border-gray-700/30 p-4">
103:            v-for="(section, idx) in sections"
105:            :data-testid="`preview-section-${idx}`"
109:              :class="section.speaker === 'LEADER' ? 'text-indigo-400' : 'text-amber-400'"
112:              {{ section.speaker === 'LEADER' ? 'Leader:' : 'Congregation:' }}
115:              :class="section.speaker === 'LEADER'
119:              {{ section.text }}
135:import type { CongregationalSection } from '@/types/slide'
148:const sections = ref<CongregationalSection[]>([])
154:function buildAlternatingSections(text: string, scriptureRef: ScriptureRef): CongregationalSection[] {
157:    speaker: (idx % 2 === 0 ? 'LEADER' : 'CONGREGATION') as 'LEADER' | 'CONGREGATION',
175:    sections.value = buildAlternatingSections(text, scriptureRef)
184:        congregationalSections: sections.value,

--- ServiceEditorView: readingMode toggle ---
673:                      data-testid="reading-mode-toggle"
683:                      >Normal Reading</button>
692:                      >Congregational Reading</button>
709:                    <CongregationalEditor
1048:import CongregationalEditor from '@/components/CongregationalEditor.vue'
1165:  return slot.readingMode ?? 'normal'
1174:    readingMode: mode,

--- Test: congregational mode ---
4:import CongregationalEditor from '../CongregationalEditor.vue'
5:import type { ScriptureSlide, CongregationalSection } from '@/types/slide'
92:  return mount(CongregationalEditor, {
97:describe('CongregationalEditor', () => {
118:  it('after fetch, displays verse chunks with speaker role toggles', async () => {
125:    expect(wrapper.find('[data-testid="speaker-toggle-0"]').exists()).toBe(true)
126:    expect(wrapper.find('[data-testid="speaker-toggle-1"]').exists()).toBe(true)
127:    expect(wrapper.find('[data-testid="speaker-toggle-2"]').exists()).toBe(true)
130:  it('default alternating speaker assignment (LEADER, CONGREGATION, LEADER)', async () => {
136:    expect(wrapper.find('[data-testid="speaker-toggle-0"]').text()).toBe('Leader')
137:    expect(wrapper.find('[data-testid="speaker-toggle-1"]').text()).toBe('Congregation')
138:    expect(wrapper.find('[data-testid="speaker-toggle-2"]').text()).toBe('Leader')
141:  it('toggling speaker role updates section assignment', async () => {
147:    expect(wrapper.find('[data-testid="speaker-toggle-0"]').text()).toBe('Leader')
148:    await wrapper.find('[data-testid="speaker-toggle-0"]').trigger('click')
149:    expect(wrapper.find('[data-testid="speaker-toggle-0"]').text()).toBe('Congregation')
152:  it('preview shows Leader/Congregation labels with distinct styling', async () => {
159:    expect(wrapper.find('[data-testid="preview-label-0"]').text()).toBe('Leader:')
160:    expect(wrapper.find('[data-testid="preview-label-1"]').text()).toBe('Congregation:')
161:    expect(wrapper.find('[data-testid="preview-label-2"]').text()).toBe('Leader:')
