=== TC-03: Congregational reading mode toggle ===
--- Check 1: CongregationalEditor component exists and has speaker toggles ---
5:      <h3 class="text-sm font-semibold text-gray-100">Congregational Reading</h3>
67:          :class="section.speaker === 'LEADER'
77:              :data-testid="`speaker-toggle-${idx}`"
78:              @click="toggleSpeaker(idx)"
80:              :class="section.speaker === 'LEADER'
84:              {{ section.speaker === 'LEADER' ? 'Leader' : 'Congregation' }}
89:            :class="section.speaker === 'LEADER'
109:              :class="section.speaker === 'LEADER' ? 'text-indigo-400' : 'text-amber-400'"
112:              {{ section.speaker === 'LEADER' ? 'Leader:' : 'Congregation:' }}
115:              :class="section.speaker === 'LEADER'
135:import type { CongregationalSection } from '@/types/slide'
148:const sections = ref<CongregationalSection[]>([])
154:function buildAlternatingSections(text: string, scriptureRef: ScriptureRef): CongregationalSection[] {
157:    speaker: (idx % 2 === 0 ? 'LEADER' : 'CONGREGATION') as 'LEADER' | 'CONGREGATION',
200:function toggleSpeaker(idx: number) {
205:    speaker: section.speaker === 'LEADER' ? 'CONGREGATION' : 'LEADER',
244:          speaker: (idx % 2 === 0 ? 'LEADER' : 'CONGREGATION') as 'LEADER' | 'CONGREGATION',

--- Check 2: Alternating pattern ---
84:              {{ section.speaker === 'LEADER' ? 'Leader' : 'Congregation' }}
112:              {{ section.speaker === 'LEADER' ? 'Leader:' : 'Congregation:' }}

--- Check 3: Distinct styling per speaker ---

--- Check 4: ServiceEditorView mode toggle ---
673:                      data-testid="reading-mode-toggle"
677:                        data-testid="mode-normal"
682:                        @click="setReadingMode(index, 'normal')"
686:                        data-testid="mode-congregational"
691:                        @click="setReadingMode(index, 'congregational')"
1165:  return slot.readingMode ?? 'normal'
1168:function setReadingMode(index: number, mode: 'normal' | 'congregational') {
1174:    readingMode: mode,
