 [32m✓[39m src/components/__tests__/SongLyricEditor.test.ts[2m > [22mSongLyricEditor[2m > [22mshows auto-save status indicator for saving[32m 47[2mms[22m[39m
 [32m✓[39m src/components/__tests__/SongLyricEditor.test.ts[2m > [22mSongLyricEditor[2m > [22mshows auto-save status indicator for saved[32m 34[2mms[22m[39m
 [32m✓[39m src/components/__tests__/SongLyricEditor.test.ts[2m > [22mSongLyricEditor[2m > [22m"Save Version" button calls saveLyrics to create a new version[32m 39[2mms[22m[39m
 [32m✓[39m src/components/__tests__/SongLyricEditor.test.ts[2m > [22mSongLyricEditor[2m > [22m"Paste New Lyrics" button exists when lyrics are loaded[32m 35[2mms[22m[39m
 [32m✓[39m src/components/__tests__/SongLyricEditor.test.ts[2m > [22mSongLyricEditor[2m > [22mhides no-lyrics copyright when ccliSongNumber is empty[32m 41[2mms[22m[39m
 [32m✓[39m src/utils/__tests__/ccliParser.test.ts[2m > [22mparseCCLIPaste[2m > [22mreturns empty result for empty input[32m 3[2mms[22m[39m
 [32m✓[39m src/utils/__tests__/ccliParser.test.ts[2m > [22mparseCCLIPaste[2m > [22mreturns empty result for whitespace-only input[32m 0[2mms[22m[39m
 [32m✓[39m src/utils/__tests__/ccliParser.test.ts[2m > [22mparseCCLIPaste[2m > [22mparses title-only input with no sections[32m 1[2mms[22m[39m
 [32m✓[39m src/utils/__tests__/ccliParser.test.ts[2m > [22mparseCCLIPaste[2m > [22mparses legacy format with pipe-delimited authors[32m 4[2mms[22m[39m
 [32m✓[39m src/utils/__tests__/ccliParser.test.ts[2m > [22mparseCCLIPaste[2m > [22mparses 2023 format with comma-delimited authors[32m 1[2mms[22m[39m
 [32m✓[39m src/utils/__tests__/ccliParser.test.ts[2m > [22mparseCCLIPaste[2m > [22mhandles missing section numbers (defaults to unnumbered slug)[32m 1[2mms[22m[39m
 [32m✓[39m src/utils/__tests__/ccliParser.test.ts[2m > [22mparseCCLIPaste[2m > [22mhandles Pre-Chorus as a standalone section header[32m 1[2mms[22m[39m
 [32m✓[39m src/utils/__tests__/ccliParser.test.ts[2m > [22mparseCCLIPaste[2m > [22mhandles parenthetical section marker as first lyric line[32m 1[2mms[22m[39m
 [32m✓[39m src/utils/__tests__/ccliParser.test.ts[2m > [22mparseCCLIPaste[2m > [22mhandles standalone parenthetical marker without a preceding header[32m 1[2mms[22m[39m
 [32m✓[39m src/utils/__tests__/ccliParser.test.ts[2m > [22mparseCCLIPaste[2m > [22mhandles multiple copyright lines[32m 1[2mms[22m[39m
 [32m✓[39m src/utils/__tests__/ccliParser.test.ts[2m > [22mparseCCLIPaste[2m > [22mhandles ASCII (c) copyright symbol[32m 0[2mms[22m[39m
 [32m✓[39m src/utils/__tests__/ccliParser.test.ts[2m > [22mparseCCLIPaste[2m > [22mhandles uppercase (C) copyright symbol[32m 1[2mms[22m[39m
 [32m✓[39m src/utils/__tests__/ccliParser.test.ts[2m > [22mparseCCLIPaste[2m > [22mhandles CCLI Song # with no space before number[32m 0[2mms[22m[39m
 [32m✓[39m src/utils/__tests__/ccliParser.test.ts[2m > [22mparseCCLIPaste[2m > [22mgenerates correct section IDs (slugification)[32m 0[2mms[22m[39m
 [32m✓[39m src/utils/__tests__/ccliParser.test.ts[2m > [22mparseCCLIPaste[2m > [22mhandles Tag and Misc section types[32m 0[2mms[22m[39m
 [32m✓[39m src/utils/__tests__/ccliParser.test.ts[2m > [22mparseCCLIPaste[2m > [22mhandles Intro section type[32m 0[2mms[22m[39m
 [32m✓[39m src/utils/__tests__/ccliParser.test.ts[2m > [22mparseCCLIPaste[2m > [22mhandles Windows-style line endings (CRLF)[32m 0[2mms[22m[39m
 [32m✓[39m src/utils/__tests__/ccliParser.test.ts[2m > [22mparseCCLIPaste[2m > [22mcase-insensitive section header matching[32m 0[2mms[22m[39m
 [32m✓[39m src/utils/__tests__/ccliParser.test.ts[2m > [22mparseCCLIPaste[2m > [22mskips the SongSelect usage terms line in footer[32m 0[2mms[22m[39m

[2m Test Files [22m [1m[32m4 passed[39m[22m[90m (4)[39m
[2m      Tests [22m [1m[32m56 passed[39m[22m[90m (56)[39m
[2m   Start at [22m 00:38:56
[2m   Duration [22m 7.81s[2m (transform 1.13s, setup 0ms, import 2.28s, tests 844ms, environment 12.11s)[22m

