=== Song Type ===
import type { Timestamp } from 'firebase/firestore'

export type VWType = 1 | 2 | 3

/** Human-readable labels for VW categories. Shared across editor, search, and pickers. */
export const VW_TYPE_LABELS: Record<VWType, string> = {
  1: 'Call to Worship',
  2: 'Intimate',
  3: 'Ascription',
}

export interface Arrangement {
  id: string
  name: string
  key: string
  bpm: number | null
  lengthSeconds: number | null
  chordChartUrl: string
  notes: string
  teamTags: string[]
}

export interface Song {
  id: string
  title: string
  ccliNumber: string
  author: string
  themes: string[]
  notes: string
  vwTypes: VWType[]
  arrangements: Arrangement[]
  /** Arrangement chosen as the "play key" for transitions; null falls back to arrangements[0]. */
  primaryArrangementId: string | null
  lastUsedAt: Timestamp | null
  createdAt: Timestamp
  updatedAt: Timestamp
  pcSongId: string | null
  hidden: boolean
  tags: string[] // D-01 user-defined tags (e.g. "Christmas") — folded team tags + user tags (Song.teamTags removed)
  /** Themes the user removed locally; subtracted from PC theme union on re-import (D-14). */
  removedThemes: string[]
}

/**
 * Input type for upsert operations.
 * Same shape as Song minus auto-managed fields (id, createdAt, updatedAt).
 */
export type UpsertSongInput = Omit<Song, 'id' | 'createdAt' | 'updatedAt'>

=== Service Type ===
import type { Timestamp } from 'firebase/firestore'
import type { VWType } from './song'

export type Progression = '1-2-2-3' | '1-2-3-3'
export type ServiceStatus = 'draft' | 'planned' | 'exported'
export type SlotKind = 'SONG' | 'SCRIPTURE' | 'PRAYER' | 'MESSAGE' | 'HYMN'

export interface SongSlot {
  kind: 'SONG'
  position: number
  requiredVwType: VWType
  songId: string | null
  songTitle: string | null
  songKey: string | null
}

export interface ScriptureSlot {
  kind: 'SCRIPTURE'
  position: number
  book: string | null
  chapter: number | null
  verseStart: number | null
  verseEnd: number | null
}

export interface NonAssignableSlot {
  kind: 'PRAYER' | 'MESSAGE'
  position: number
  linkUrl?: string
  linkLabel?: string
}

export interface HymnSlot {
  kind: 'HYMN'
  position: number
  hymnName: string
  hymnNumber: string
  verses: string
}

export type ServiceSlot = SongSlot | ScriptureSlot | NonAssignableSlot | HymnSlot

export interface ScriptureRef {
  book: string
  chapter: number
  verseStart?: number
  verseEnd?: number
}

export interface Service {
  id: string
  date: string
  name: string
  progression: Progression
  teams: string[]
  status: ServiceStatus
  slots: ServiceSlot[]
  sermonPassage: ScriptureRef | null
  sermonTopic?: string
  notes: string
  createdAt: Timestamp
  updatedAt: Timestamp
  pcExportedAt?: Timestamp | null
  pcPlanId?: string | null
  /** roleId -> personId[]; absent key = inherit from schedule, present key = override.
   *  Mirrors Quarter.roleOverridesByDate's sparse-override-map precedent (src/types/roster.ts). */
  roleAssignmentOverrides?: Record<string, string[]>
}

export type ServiceInput = Omit<Service, 'id' | 'createdAt' | 'updatedAt'>

=== Slot Types Utility ===
import type { Progression, ServiceSlot, SongSlot, ScriptureSlot, NonAssignableSlot, HymnSlot, SlotKind } from '@/types/service'
import type { VWType } from '@/types/song'

export const PROGRESSION_SLOT_TYPES: Record<Progression, Record<number, VWType>> = {
  '1-2-2-3': {
    0: 1, // Song 1 — Call to Worship
    2: 2, // Song 2 — Intimate
    5: 2, // Song 3 — Intimate
    6: 3, // Song 4 — Ascription
    8: 3, // Sending Song — Ascription
  },
  '1-2-3-3': {
    0: 1, // Song 1 — Call to Worship
    2: 2, // Song 2 — Intimate
    5: 3, // Song 3 — Ascription
    6: 3, // Song 4 — Ascription
    8: 3, // Sending Song — Ascription
  },
}

/**
 * Returns a human-readable label for a slot based on its kind.
 * Replaces the old SLOT_LABELS position-keyed map.
 */
export function slotLabel(slot: ServiceSlot, _index?: number | string): string {
  switch (slot.kind) {
    case 'SONG':
      return 'Song'
    case 'SCRIPTURE':
      return 'Scripture Reading'
    case 'PRAYER':
      return 'Prayer'
    case 'MESSAGE':
      return 'Message'
    case 'HYMN':
      return 'Hymn'
  }
}

/**
 * Factory function to create a new slot of the given kind.
 * Position defaults to 0 — it will be set to the array index via reindexSlots.
 */
export function createSlot(kind: SlotKind, vwType?: VWType): ServiceSlot {
  switch (kind) {
    case 'SONG':
      return {
        kind: 'SONG',
        position: 0,
        requiredVwType: vwType ?? 2,
        songId: null,
        songTitle: null,
        songKey: null,
      } as SongSlot
    case 'SCRIPTURE':
      return {
        kind: 'SCRIPTURE',
        position: 0,
        book: null,
        chapter: null,
        verseStart: null,
        verseEnd: null,
      } as ScriptureSlot
    case 'PRAYER':
      return { kind: 'PRAYER', position: 0 } as NonAssignableSlot
    case 'MESSAGE':
      return { kind: 'MESSAGE', position: 0 } as NonAssignableSlot
    case 'HYMN':
      return { kind: 'HYMN', position: 0, hymnName: '', hymnNumber: '', verses: '' } as HymnSlot
  }
}

/**
 * Normalizes slot positions to match their array index.
 * Call this after any add, remove, or reorder operation.
 */
export function reindexSlots(slots: ServiceSlot[]): ServiceSlot[] {
  return slots.map((slot, index) => ({ ...slot, position: index }))
}

export function buildSlots(progression: Progression): ServiceSlot[] {
  const songTypeMap = PROGRESSION_SLOT_TYPES[progression]

  const songSlot = (position: number): SongSlot => ({
    kind: 'SONG',
    position,
    requiredVwType: songTypeMap[position] as VWType,
    songId: null,
    songTitle: null,
    songKey: null,
  })

  const scriptureSlot = (position: number): ScriptureSlot => ({
    kind: 'SCRIPTURE',
    position,
    book: null,
    chapter: null,
    verseStart: null,
    verseEnd: null,
  })

  const nonAssignableSlot = (
    kind: 'PRAYER' | 'MESSAGE',
    position: number,
  ): NonAssignableSlot => ({
    kind,
    position,
  })

  return [
    songSlot(0),
    scriptureSlot(1),
    songSlot(2),
    nonAssignableSlot('PRAYER', 3),
    scriptureSlot(4),
    songSlot(5),
    songSlot(6),
    nonAssignableSlot('MESSAGE', 7),
    songSlot(8),
  ]
}

=== Components List ===
__tests__
AppShell.vue
AppSidebar.vue
ArrangementAccordion.vue
AvailabilityDrawer.vue
AvailabilityRosterTable.vue
BatchQuickAssign.vue
CollapsibleSection.vue
CsvImportModal.vue
GettingStarted.vue
NewServiceDialog.vue
PcImportModal.vue
QuarterGrid.vue
QuarterShareMatrix.vue
RolesConfigPanel.vue
RosterImportModal.vue
RosterPrintLayout.vue
RotationTable.vue
ScriptureInput.vue
ScriptureRotationTable.vue
ServiceCard.vue
ServicePrintLayout.vue
SongBadge.vue
SongFilters.vue
SongSlideOver.vue
SongSlotPicker.vue
SongTable.vue
TagFilterChecklist.vue
TeamTagPill.vue
useIsMobile.ts
VolunteerCsvImportModal.vue
VwExplainer.vue

=== Views List ===
__tests__
DashboardView.vue
LoginView.vue
QuarterShareView.vue
QuarterView.vue
RosterView.vue
ServiceEditorView.vue
ServicesView.vue
SettingsView.vue
ShareView.vue
SongsView.vue
TeamView.vue

=== Stores List ===
__tests__
auth.ts
quarters.ts
roster.ts
services.ts
songs.ts
