
[1m[46m RUN [49m[22m [36mv4.0.18 [39m[90mC:/projects/worshipplanner/.gsd-worktrees/M001[39m

 [32m✓[39m src/components/__tests__/LyricVersionHistory.test.ts[2m > [22mLyricVersionHistory[2m > [22mrenders version list with timestamps[32m 63[2mms[22m[39m
 [32m✓[39m src/components/__tests__/LyricVersionHistory.test.ts[2m > [22mLyricVersionHistory[2m > [22mshows "Current" badge on the active version[32m 15[2mms[22m[39m
 [32m✓[39m src/components/__tests__/LyricVersionHistory.test.ts[2m > [22mLyricVersionHistory[2m > [22mshows revert button only on non-current versions[32m 8[2mms[22m[39m
 [32m✓[39m src/components/__tests__/LyricVersionHistory.test.ts[2m > [22mLyricVersionHistory[2m > [22mshows confirm dialog and emits revert on accept[32m 25[2mms[22m[39m
 [32m✓[39m src/components/__tests__/LyricVersionHistory.test.ts[2m > [22mLyricVersionHistory[2m > [22mdoes not emit revert when confirm is cancelled[32m 8[2mms[22m[39m
 [32m✓[39m src/components/__tests__/LyricVersionHistory.test.ts[2m > [22mLyricVersionHistory[2m > [22mrenders empty state when no versions[32m 6[2mms[22m[39m
 [32m✓[39m src/components/__tests__/LyricVersionHistory.test.ts[2m > [22mLyricVersionHistory[2m > [22mformats relative time for days[32m 10[2mms[22m[39m
 [32m✓[39m src/components/__tests__/LyricVersionHistory.test.ts[2m > [22mLyricVersionHistory[2m > [22mhandles null/invalid timestamps gracefully[32m 11[2mms[22m[39m
 [32m✓[39m src/components/__tests__/SongSlideOver.test.ts[2m > [22mSongSlideOver — save[2m > [22mappends a removed theme to removedThemes on save[32m 118[2mms[22m[39m
 [32m✓[39m src/components/__tests__/SongSlideOver.test.ts[2m > [22mSongSlideOver — save[2m > [22mmerges a newly removed theme with any previously removedThemes (de-duped)[32m 29[2mms[22m[39m
 [32m✓[39m src/components/__tests__/SongSlideOver.test.ts[2m > [22mSongSlideOver — save[2m > [22mprunes a re-added theme from removedThemes on save[32m 27[2mms[22m[39m
 [32m✓[39m src/components/__tests__/SongSlideOver.test.ts[2m > [22mSongSlideOver — save[2m > [22mleaves removedThemes unchanged when the themes set is untouched[32m 26[2mms[22m[39m
 [32m✓[39m src/components/__tests__/SongSlideOver.test.ts[2m > [22mSongSlideOver — tabs[2m > [22mshows Details and Lyrics tabs in edit mode[32m 19[2mms[22m[39m
 [32m✓[39m src/components/__tests__/SongSlideOver.test.ts[2m > [22mSongSlideOver — tabs[2m > [22mdoes not show tabs in create mode[32m 16[2mms[22m[39m
 [32m✓[39m src/components/__tests__/SongSlideOver.test.ts[2m > [22mSongSlideOver — tabs[2m > [22mdefaults to Details tab showing the form fields[32m 16[2mms[22m[39m
 [32m✓[39m src/components/__tests__/SongSlideOver.test.ts[2m > [22mSongSlideOver — tabs[2m > [22mswitches to Lyrics tab on click[32m 26[2mms[22m[39m

[2m Test Files [22m [1m[32m2 passed[39m[22m[90m (2)[39m
[2m      Tests [22m [1m[32m16 passed[39m[22m[90m (16)[39m
[2m   Start at [22m 01:05:05
[2m   Duration [22m 5.06s[2m (transform 1.94s, setup 0ms, import 2.54s, tests 429ms, environment 5.86s)[22m

