
[1m[46m RUN [49m[22m [36mv4.0.18 [39m[90mC:/projects/worshipplanner/.gsd-worktrees/M001[39m

 [31m×[39m src/components/__tests__/SongLyricEditor.test.ts[2m > [22mSongLyricEditor[2m > [22msubscribes to lyrics on mount[32m 50[2mms[22m[39m
[31m   → Cannot read properties of undefined (reading 'map')[39m
 [31m×[39m src/components/__tests__/SongLyricEditor.test.ts[2m > [22mSongLyricEditor[2m > [22mshows loading state[32m 6[2mms[22m[39m
[31m   → Cannot read properties of undefined (reading 'map')[39m
 [31m×[39m src/components/__tests__/SongLyricEditor.test.ts[2m > [22mSongLyricEditor[2m > [22mshows empty state when no lyrics exist[32m 6[2mms[22m[39m
[31m   → Cannot read properties of undefined (reading 'map')[39m
 [31m×[39m src/components/__tests__/SongLyricEditor.test.ts[2m > [22mSongLyricEditor[2m > [22mrenders sections from store data[32m 5[2mms[22m[39m
[31m   → Cannot read properties of undefined (reading 'map')[39m
 [31m×[39m src/components/__tests__/SongLyricEditor.test.ts[2m > [22mSongLyricEditor[2m > [22mdisplays copyright info[32m 4[2mms[22m[39m
[31m   → Cannot read properties of undefined (reading 'map')[39m
 [31m×[39m src/components/__tests__/SongLyricEditor.test.ts[2m > [22mSongLyricEditor[2m > [22mediting a section updates editable state[32m 4[2mms[22m[39m
[31m   → Cannot read properties of undefined (reading 'map')[39m
 [31m×[39m src/components/__tests__/SongLyricEditor.test.ts[2m > [22mSongLyricEditor[2m > [22museAutoSave is wired with correct arguments[32m 4[2mms[22m[39m
[31m   → Cannot read properties of undefined (reading 'map')[39m
 [31m×[39m src/components/__tests__/SongLyricEditor.test.ts[2m > [22mSongLyricEditor[2m > [22mshows auto-save status indicator for pending[32m 16[2mms[22m[39m
[31m   → Cannot read properties of undefined (reading 'map')[39m
 [31m×[39m src/components/__tests__/SongLyricEditor.test.ts[2m > [22mSongLyricEditor[2m > [22mshows auto-save status indicator for saving[32m 11[2mms[22m[39m
[31m   → Cannot read properties of undefined (reading 'map')[39m
 [31m×[39m src/components/__tests__/SongLyricEditor.test.ts[2m > [22mSongLyricEditor[2m > [22mshows auto-save status indicator for saved[32m 11[2mms[22m[39m
[31m   → Cannot read properties of undefined (reading 'map')[39m
 [31m×[39m src/components/__tests__/SongLyricEditor.test.ts[2m > [22mSongLyricEditor[2m > [22m"Save Version" button calls saveLyrics to create a new version[32m 3[2mms[22m[39m
[31m   → Cannot read properties of undefined (reading 'map')[39m
 [31m×[39m src/components/__tests__/SongLyricEditor.test.ts[2m > [22mSongLyricEditor[2m > [22m"Paste New Lyrics" button exists when lyrics are loaded[32m 3[2mms[22m[39m
[31m   → Cannot read properties of undefined (reading 'map')[39m
 [31m×[39m src/components/__tests__/SongLyricEditor.test.ts[2m > [22mSongLyricEditor[2m > [22mhides no-lyrics copyright when ccliSongNumber is empty[32m 3[2mms[22m[39m
[31m   → Cannot read properties of undefined (reading 'map')[39m

[31m⎯⎯⎯⎯⎯⎯[39m[1m[41m Failed Tests 13 [49m[22m[31m⎯⎯⎯⎯⎯⎯⎯[39m

[41m[1m FAIL [22m[49m src/components/__tests__/SongLyricEditor.test.ts[2m > [22mSongLyricEditor[2m > [22msubscribes to lyrics on mount
[41m[1m FAIL [22m[49m src/components/__tests__/SongLyricEditor.test.ts[2m > [22mSongLyricEditor[2m > [22mshows loading state
[41m[1m FAIL [22m[49m src/components/__tests__/SongLyricEditor.test.ts[2m > [22mSongLyricEditor[2m > [22mshows empty state when no lyrics exist
[41m[1m FAIL [22m[49m src/components/__tests__/SongLyricEditor.test.ts[2m > [22mSongLyricEditor[2m > [22mrenders sections from store data
[41m[1m FAIL [22m[49m src/components/__tests__/SongLyricEditor.test.ts[2m > [22mSongLyricEditor[2m > [22mdisplays copyright info
[41m[1m FAIL [22m[49m src/components/__tests__/SongLyricEditor.test.ts[2m > [22mSongLyricEditor[2m > [22mediting a section updates editable state
[41m[1m FAIL [22m[49m src/components/__tests__/SongLyricEditor.test.ts[2m > [22mSongLyricEditor[2m > [22museAutoSave is wired with correct arguments
[41m[1m FAIL [22m[49m src/components/__tests__/SongLyricEditor.test.ts[2m > [22mSongLyricEditor[2m > [22mshows auto-save status indicator for pending
[41m[1m FAIL [22m[49m src/components/__tests__/SongLyricEditor.test.ts[2m > [22mSongLyricEditor[2m > [22mshows auto-save status indicator for saving
[41m[1m FAIL [22m[49m src/components/__tests__/SongLyricEditor.test.ts[2m > [22mSongLyricEditor[2m > [22mshows auto-save status indicator for saved
[41m[1m FAIL [22m[49m src/components/__tests__/SongLyricEditor.test.ts[2m > [22mSongLyricEditor[2m > [22m"Save Version" button calls saveLyrics to create a new version
[41m[1m FAIL [22m[49m src/components/__tests__/SongLyricEditor.test.ts[2m > [22mSongLyricEditor[2m > [22m"Paste New Lyrics" button exists when lyrics are loaded
[41m[1m FAIL [22m[49m src/components/__tests__/SongLyricEditor.test.ts[2m > [22mSongLyricEditor[2m > [22mhides no-lyrics copyright when ccliSongNumber is empty
[31m[1mTypeError[22m: Cannot read properties of undefined (reading 'map')[39m
[36m [2m❯[22m immediate src/components/SongLyricEditor.vue:[2m143:43[22m[39m
    [90m141| [39mwatch(currentLyrics, (val) => {
    [90m142| [39m  if (val) {
    [90m143| [39m    editableSections.value = val.sections.map((s) => ({
    [90m   | [39m                                          [31m^[39m
    [90m144| [39m      ...s,
    [90m145| [39m      lines: [...s.lines],
[90m [2m❯[22m callWithErrorHandling ../../node_modules/@vue/runtime-core/dist/runtime-core.cjs.js:[2m200:19[22m[39m
[90m [2m❯[22m callWithAsyncErrorHandling ../../node_modules/@vue/runtime-core/dist/runtime-core.cjs.js:[2m207:17[22m[39m
[90m [2m❯[22m baseWatchOptions.call ../../node_modules/@vue/runtime-core/dist/runtime-core.cjs.js:[2m877:47[22m[39m
[90m [2m❯[22m job ../../node_modules/@vue/reactivity/dist/reactivity.cjs.js:[2m1895:18[22m[39m
[90m [2m❯[22m Object.watch ../../node_modules/@vue/reactivity/dist/reactivity.cjs.js:[2m1930:7[22m[39m
[90m [2m❯[22m doWatch ../../node_modules/@vue/runtime-core/dist/runtime-core.cjs.js:[2m905:34[22m[39m
[90m [2m❯[22m watch ../../node_modules/@vue/runtime-core/dist/runtime-core.cjs.js:[2m838:10[22m[39m
[90m [2m❯[22m setup src/components/SongLyricEditor.vue:[2m141:1[22m[39m
[90m [2m❯[22m callWithErrorHandling ../../node_modules/@vue/runtime-core/dist/runtime-core.cjs.js:[2m200:19[22m[39m

[31m[2m⎯⎯⎯⎯⎯⎯⎯⎯⎯⎯⎯⎯⎯⎯⎯⎯⎯⎯⎯⎯⎯⎯⎯[1/13]⎯[22m[39m


[2m Test Files [22m [1m[31m1 failed[39m[22m[90m (1)[39m
[2m      Tests [22m [1m[31m13 failed[39m[22m[90m (13)[39m
[2m   Start at [22m 00:37:08
[2m   Duration [22m 4.29s[2m (transform 432ms, setup 0ms, import 884ms, tests 130ms, environment 2.86s)[22m

