 [32m✓[39m src/utils/__tests__/ccliParser.test.ts[2m > [22mparseCCLIPaste[2m > [22mhandles CCLI Song # with no space before number[32m 0[2mms[22m[39m
 [32m✓[39m src/utils/__tests__/ccliParser.test.ts[2m > [22mparseCCLIPaste[2m > [22mgenerates correct section IDs (slugification)[32m 0[2mms[22m[39m
 [32m✓[39m src/utils/__tests__/ccliParser.test.ts[2m > [22mparseCCLIPaste[2m > [22mhandles Tag and Misc section types[32m 0[2mms[22m[39m
 [32m✓[39m src/utils/__tests__/ccliParser.test.ts[2m > [22mparseCCLIPaste[2m > [22mhandles Intro section type[32m 0[2mms[22m[39m
 [32m✓[39m src/utils/__tests__/ccliParser.test.ts[2m > [22mparseCCLIPaste[2m > [22mhandles Windows-style line endings (CRLF)[32m 0[2mms[22m[39m
 [32m✓[39m src/utils/__tests__/ccliParser.test.ts[2m > [22mparseCCLIPaste[2m > [22mcase-insensitive section header matching[32m 0[2mms[22m[39m
 [32m✓[39m src/utils/__tests__/ccliParser.test.ts[2m > [22mparseCCLIPaste[2m > [22mskips the SongSelect usage terms line in footer[32m 0[2mms[22m[39m
[90mstderr[2m | src/composables/__tests__/useAutoSave.test.ts[2m > [22m[2museAutoSave[2m > [22m[2mstarts with idle status
[22m[39m[Vue warn]: onUnmounted is called when there is no active component instance to be associated with. Lifecycle injection APIs can only be used during execution of setup(). If you are using async setup(), make sure to register lifecycle hooks before the first await statement.

[90mstderr[2m | src/composables/__tests__/useAutoSave.test.ts[2m > [22m[2museAutoSave[2m > [22m[2msuppresses the first watcher trigger (initialized guard)
[22m[39m[Vue warn]: onUnmounted is called when there is no active component instance to be associated with. Lifecycle injection APIs can only be used during execution of setup(). If you are using async setup(), make sure to register lifecycle hooks before the first await statement.

[90mstderr[2m | src/composables/__tests__/useAutoSave.test.ts[2m > [22m[2museAutoSave[2m > [22m[2mdebounces rapid changes into a single save after the debounce period
[22m[39m[Vue warn]: onUnmounted is called when there is no active component instance to be associated with. Lifecycle injection APIs can only be used during execution of setup(). If you are using async setup(), make sure to register lifecycle hooks before the first await statement.

[90mstderr[2m | src/composables/__tests__/useAutoSave.test.ts[2m > [22m[2museAutoSave[2m > [22m[2mtransitions through idle -> pending -> saving -> saved -> idle
[22m[39m[Vue warn]: onUnmounted is called when there is no active component instance to be associated with. Lifecycle injection APIs can only be used during execution of setup(). If you are using async setup(), make sure to register lifecycle hooks before the first await statement.

[90mstderr[2m | src/composables/__tests__/useAutoSave.test.ts[2m > [22m[2museAutoSave[2m > [22m[2mprevents concurrent saves via inflight guard
[22m[39m[Vue warn]: onUnmounted is called when there is no active component instance to be associated with. Lifecycle injection APIs can only be used during execution of setup(). If you are using async setup(), make sure to register lifecycle hooks before the first await statement.

[90mstderr[2m | src/composables/__tests__/useAutoSave.test.ts[2m > [22m[2museAutoSave[2m > [22m[2mflush forces immediate save bypassing debounce
[22m[39m[Vue warn]: onUnmounted is called when there is no active component instance to be associated with. Lifecycle injection APIs can only be used during execution of setup(). If you are using async setup(), make sure to register lifecycle hooks before the first await statement.

[90mstderr[2m | src/composables/__tests__/useAutoSave.test.ts[2m > [22m[2museAutoSave[2m > [22m[2mflush does nothing when status is not pending
[22m[39m[Vue warn]: onUnmounted is called when there is no active component instance to be associated with. Lifecycle injection APIs can only be used during execution of setup(). If you are using async setup(), make sure to register lifecycle hooks before the first await statement.

[90mstderr[2m | src/composables/__tests__/useAutoSave.test.ts[2m > [22m[2museAutoSave[2m > [22m[2mcleanup clears all pending timers
[22m[39m[Vue warn]: onUnmounted is called when there is no active component instance to be associated with. Lifecycle injection APIs can only be used during execution of setup(). If you are using async setup(), make sure to register lifecycle hooks before the first await statement.

[90mstderr[2m | src/composables/__tests__/useAutoSave.test.ts[2m > [22m[2museAutoSave[2m > [22m[2mskips save when isDirty is false
[22m[39m[Vue warn]: onUnmounted is called when there is no active component instance to be associated with. Lifecycle injection APIs can only be used during execution of setup(). If you are using async setup(), make sure to register lifecycle hooks before the first await statement.

[90mstderr[2m | src/composables/__tests__/useAutoSave.test.ts[2m > [22m[2museAutoSave[2m > [22m[2mskips save at timer fire when isDirty becomes false during debounce
[22m[39m[Vue warn]: onUnmounted is called when there is no active component instance to be associated with. Lifecycle injection APIs can only be used during execution of setup(). If you are using async setup(), make sure to register lifecycle hooks before the first await statement.

[90mstderr[2m | src/composables/__tests__/useAutoSave.test.ts[2m > [22m[2museAutoSave[2m > [22m[2mrespects custom debounceMs option
[22m[39m[Vue warn]: onUnmounted is called when there is no active component instance to be associated with. Lifecycle injection APIs can only be used during execution of setup(). If you are using async setup(), make sure to register lifecycle hooks before the first await statement.

[90mstderr[2m | src/composables/__tests__/useAutoSave.test.ts[2m > [22m[2museAutoSave[2m > [22m[2msaved status fades to idle after 3 seconds
[22m[39m[Vue warn]: onUnmounted is called when there is no active component instance to be associated with. Lifecycle injection APIs can only be used during execution of setup(). If you are using async setup(), make sure to register lifecycle hooks before the first await statement.

 [32m✓[39m src/composables/__tests__/useAutoSave.test.ts[2m > [22museAutoSave[2m > [22mstarts with idle status[32m 11[2mms[22m[39m
 [32m✓[39m src/composables/__tests__/useAutoSave.test.ts[2m > [22museAutoSave[2m > [22msuppresses the first watcher trigger (initialized guard)[32m 5[2mms[22m[39m
 [32m✓[39m src/composables/__tests__/useAutoSave.test.ts[2m > [22museAutoSave[2m > [22mdebounces rapid changes into a single save after the debounce period[32m 5[2mms[22m[39m
 [32m✓[39m src/composables/__tests__/useAutoSave.test.ts[2m > [22museAutoSave[2m > [22mtransitions through idle -> pending -> saving -> saved -> idle[32m 2[2mms[22m[39m
 [32m✓[39m src/composables/__tests__/useAutoSave.test.ts[2m > [22museAutoSave[2m > [22mprevents concurrent saves via inflight guard[32m 3[2mms[22m[39m
 [32m✓[39m src/composables/__tests__/useAutoSave.test.ts[2m > [22museAutoSave[2m > [22mflush forces immediate save bypassing debounce[32m 2[2mms[22m[39m
 [32m✓[39m src/composables/__tests__/useAutoSave.test.ts[2m > [22museAutoSave[2m > [22mflush does nothing when status is not pending[32m 1[2mms[22m[39m
 [32m✓[39m src/composables/__tests__/useAutoSave.test.ts[2m > [22museAutoSave[2m > [22mcleanup clears all pending timers[32m 1[2mms[22m[39m
 [32m✓[39m src/composables/__tests__/useAutoSave.test.ts[2m > [22museAutoSave[2m > [22mskips save when isDirty is false[32m 2[2mms[22m[39m
 [32m✓[39m src/composables/__tests__/useAutoSave.test.ts[2m > [22museAutoSave[2m > [22mskips save at timer fire when isDirty becomes false during debounce[32m 2[2mms[22m[39m
 [32m✓[39m src/composables/__tests__/useAutoSave.test.ts[2m > [22museAutoSave[2m > [22mrespects custom debounceMs option[32m 1[2mms[22m[39m
 [32m✓[39m src/composables/__tests__/useAutoSave.test.ts[2m > [22museAutoSave[2m > [22msaved status fades to idle after 3 seconds[32m 1[2mms[22m[39m

[31m⎯⎯⎯⎯⎯⎯⎯[39m[1m[41m Failed Tests 1 [49m[22m[31m⎯⎯⎯⎯⎯⎯⎯[39m

[41m[1m FAIL [22m[49m src/components/__tests__/LyricVersionHistory.test.ts[2m > [22mLyricVersionHistory[2m > [22mformats relative time for days
[31m[1mAssertionError[22m: expected 'Version History2d ago Current' to contain '3d ago'[39m

Expected: [32m"3d ago"[39m
Received: [31m"Version History2d ago Current"[39m

[36m [2m❯[22m src/components/__tests__/LyricVersionHistory.test.ts:[2m123:28[22m[39m
    [90m121| [39m      props[33m:[39m { versions[33m,[39m currentVersionId[33m:[39m [32m'v1'[39m }[33m,[39m
    [90m122| [39m    })
    [90m123| [39m    [34mexpect[39m(wrapper[33m.[39m[34mtext[39m())[33m.[39m[34mtoContain[39m([32m'3d ago'[39m)
    [90m   | [39m                           [31m^[39m
    [90m124| [39m  })
    [90m125| [39m

[31m[2m⎯⎯⎯⎯⎯⎯⎯⎯⎯⎯⎯⎯⎯⎯⎯⎯⎯⎯⎯⎯⎯⎯⎯⎯[1/1]⎯[22m[39m


[2m Test Files [22m [1m[31m1 failed[39m[22m[2m | [22m[1m[32m7 passed[39m[22m[90m (8)[39m
[2m      Tests [22m [1m[31m1 failed[39m[22m[2m | [22m[1m[32m99 passed[39m[22m[90m (100)[39m
[2m   Start at [22m 00:55:11
[2m   Duration [22m 13.66s[2m (transform 4.53s, setup 0ms, import 6.96s, tests 1.74s, environment 23.38s)[22m

