=== Firestore Rules (song-related) ===
56:      // Songs — editors only (viewers cannot read songs)
57:      match /songs/{docId} {
58-        allow read, write: if isOrgEditor(orgId);
59-      }
60-
61-      // All other nested collections — editors only
62-      match /{collection}/{docId} {

=== Looking for unsaved changes guard / useUnsavedGuard ===
src/components/AvailabilityDrawer.vue:49:              :class="unsavedGuard.isDirty.value
src/components/AvailabilityDrawer.vue:52:              :disabled="!unsavedGuard.isDirty.value"
src/components/AvailabilityDrawer.vue:259:import { useUnsavedGuard } from '@/composables/useUnsavedGuard'
src/components/AvailabilityDrawer.vue:340:// Only the deferred (Save-button) edits count as "unsaved" — blackout dates,
src/components/AvailabilityDrawer.vue:344:const unsavedGuard = useUnsavedGuard(() => ({
src/components/AvailabilityDrawer.vue:372:  unsavedGuard.capture()
src/components/AvailabilityDrawer.vue:559:  if (!unsavedGuard.confirmDiscard()) return
src/components/QuarterGrid.vue:73:       markup. Every action writes straight through to quartersStore immediately (no pending/unsaved
src/components/SongSlideOver.vue:48:              :class="unsavedGuard.isDirty.value && !isSaving
src/components/SongSlideOver.vue:51:              :disabled="!unsavedGuard.isDirty.value || isSaving"
src/components/SongSlideOver.vue:256:import { useUnsavedGuard } from '@/composables/useUnsavedGuard'
src/components/SongSlideOver.vue:329:const unsavedGuard = useUnsavedGuard(() => ({ form: form.value, themesInput: themesInput.value }))
src/components/SongSlideOver.vue:345:      unsavedGuard.capture()
src/components/SongSlideOver.vue:494:  if (!unsavedGuard.confirmDiscard()) return
src/components/__tests__/AvailabilityDrawer.test.ts:233:    // dirty and enables the Save button (Sound stays Out, unchanged).
src/components/__tests__/AvailabilityDrawer.test.ts:257:  it('dims/disables the Save button when there are no unsaved changes and enables it once the drawer is dirty (mirrors ServiceEditorView save affordance)', async () => {
src/components/__tests__/AvailabilityDrawer.test.ts:271:    // Make a genuine change (block a not-yet-blocked Sunday) → dirty → Save active.
src/composables/useUnsavedGuard.ts:5: * the drawer opens) and exposes a reactive dirty-check plus a
src/composables/useUnsavedGuard.ts:8: * `isDirty` is a reactive computed (true when the current form state differs
src/composables/useUnsavedGuard.ts:10: * mirroring ServiceEditorView's dirty-aware Save affordance.
src/composables/useUnsavedGuard.ts:13: *   const guard = useUnsavedGuard(() => ({ ...form.value }))
src/composables/useUnsavedGuard.ts:16: *   // in the template: :disabled="!guard.isDirty.value" (or destructured)
src/composables/useUnsavedGuard.ts:23:export function useUnsavedGuard<T>(getSnapshot: () => T): {
src/composables/useUnsavedGuard.ts:25:  isDirty: ComputedRef<boolean>
src/composables/useUnsavedGuard.ts:34:  const isDirty = computed<boolean>(() => JSON.stringify(getSnapshot()) !== baseline.value)
src/composables/useUnsavedGuard.ts:37:    if (!isDirty.value) return true
src/composables/useUnsavedGuard.ts:38:    return window.confirm('You have unsaved changes. Discard them?')
src/composables/useUnsavedGuard.ts:41:  return { capture, isDirty, confirmDiscard }
src/views/RosterView.vue:290:              :class="unsavedGuard.isDirty.value
src/views/RosterView.vue:293:              :disabled="!unsavedGuard.isDirty.value"

=== Looking for auto-save / debounce patterns ===
src/components/ArrangementAccordion.vue:168:// Local mutable copy — changes are emitted up, not auto-saved
src/views/ServiceEditorView.vue:87:                v-if="autosaveStatus === 'pending' || autosaveStatus === 'saving'"
src/views/ServiceEditorView.vue:90:                {{ autosaveStatus === 'saving' ? 'Saving...' : 'Saving soon...' }}
src/views/ServiceEditorView.vue:93:                v-else-if="autosaveStatus === 'saved'"
src/views/ServiceEditorView.vue:1045:const previousService = ref<Service | null>(null)   // snapshot before last autosave (for undo)
src/views/ServiceEditorView.vue:1046:const autosaveStatus = ref<'idle' | 'pending' | 'saving' | 'saved'>('idle')
src/views/ServiceEditorView.vue:1047:let autosaveTimer: ReturnType<typeof setTimeout> | null = null
src/views/ServiceEditorView.vue:1048:let autosaveInitialized = false                     // suppress first-load trigger
src/views/ServiceEditorView.vue:1049:let autosaveSaving = false                          // inflight guard — prevents concurrent saves
src/views/ServiceEditorView.vue:1146:        // D-15: persist immediately rather than waiting on the 800ms debounce
src/views/ServiceEditorView.vue:1148:          if (autosaveTimer) {
src/views/ServiceEditorView.vue:1149:            clearTimeout(autosaveTimer)
src/views/ServiceEditorView.vue:1150:            autosaveTimer = null
src/views/ServiceEditorView.vue:1152:          autosaveSaving = true
src/views/ServiceEditorView.vue:1153:          autosaveStatus.value = 'saving'
src/views/ServiceEditorView.vue:1157:            autosaveStatus.value = 'saved'
src/views/ServiceEditorView.vue:1159:              if (autosaveStatus.value === 'saved') autosaveStatus.value = 'idle'
src/views/ServiceEditorView.vue:1162:            autosaveSaving = false
src/views/ServiceEditorView.vue:1257:      // Reset autosave state when service first loads (or re-loads)
src/views/ServiceEditorView.vue:1258:      autosaveInitialized = false

=== SortableJS usage pattern ===
src/components/SongTable.vue:91:          <!-- Category (VW-gated: hidden entirely when VW methodology is off, D-16; not sortable — click a badge to filter) -->
src/components/SongTable.vue:114:          <!-- CCLI (not sortable per checkpoint feedback) -->
src/components/SongTable.vue:138:          <!-- Themes (own column now — no longer folded into Tags; rendered after Tags per checkpoint feedback; not sortable — click a pill to filter) -->
src/components/SongTable.vue:329:// Category, CCLI, Tags, and Themes are intentionally NOT sortable (checkpoint
src/views/ServiceEditorView.vue:982:import Sortable from 'sortablejs'
src/views/ServiceEditorView.vue:1120:// ── Sortable ───────────────────────────────────────────────────────────────────
src/views/ServiceEditorView.vue:1123:let sortableInstance: Sortable | null = null
src/views/ServiceEditorView.vue:1126:  if (el && !sortableInstance) {
src/views/ServiceEditorView.vue:1127:    sortableInstance = Sortable.create(el, {
src/views/ServiceEditorView.vue:1134:        // D-16: revert SortableJS's DOM move so Vue's reactive render is the single source of truth (prevents snap-back)
src/views/ServiceEditorView.vue:1411:  sortableInstance?.destroy()
src/views/ServiceEditorView.vue:1412:  sortableInstance = null
src/views/SongsView.vue:117:          @update:selectedIds="onSelectionUpdate"
src/views/SongsView.vue:241:function onSelectionUpdate(ids: Set<string>) {

=== Firebase config ===
