=== Tailwind CSS config ===
NOT FOUND
NOT FOUND

=== Vite config (first 50 lines) ===
/// <reference types="vitest" />
import { fileURLToPath, URL } from 'node:url'
import { execSync } from 'node:child_process'

import { defineConfig } from 'vitest/config'
import { loadEnv } from 'vite'
import vue from '@vitejs/plugin-vue'
import tailwindcss from '@tailwindcss/vite'

const gitHash = execSync('git log -1 --format=%h -- src/').toString().trim()

// https://vite.dev/config/
export default defineConfig(({ mode, command }) => {
  // Load NON-VITE_ secrets for the dev proxy only. Because they are not VITE_
  // prefixed, they are never exposed to `import.meta.env` / the client bundle —
  // they exist only in this Node dev-server process, mirroring the prod Cloud
  // Function proxy which injects the same keys server-side.
  const env = loadEnv(mode, process.cwd(), '')

  // Fail the production build loudly if the Firebase client config is missing.
  // Vite statically inlines `import.meta.env.VITE_FIREBASE_*` at build time, so
  // a build with these unset silently ships an empty apiKey → runtime
  // `auth/invalid-api-key`. Guard only `vite build` (never dev/serve/test).
  if (command === 'build') {
    const requiredFirebaseVars = [
      'VITE_FIREBASE_API_KEY',
      'VITE_FIREBASE_AUTH_DOMAIN',
      'VITE_FIREBASE_PROJECT_ID',
      'VITE_FIREBASE_STORAGE_BUCKET',
      'VITE_FIREBASE_MESSAGING_SENDER_ID',
      'VITE_FIREBASE_APP_ID',
    ]
    const missing = requiredFirebaseVars.filter((key) => !env[key])
    if (missing.length) {
      throw new Error(
        `Production build aborted: missing required Firebase env vars: ${missing.join(', ')}. ` +
          'Populate .env.local (or the build environment) before running `npm run build`.',
      )
    }
  }

  return {
    plugins: [vue(), tailwindcss()],
    define: {
      __APP_VERSION__: JSON.stringify(gitHash),
    },
    resolve: {
      alias: {
        '@': fileURLToPath(new URL('./src', import.meta.url)),
      },

=== Vitest config ===
NOT FOUND

=== tsconfig paths ===
{
  "extends": "@vue/tsconfig/tsconfig.dom.json",
  "include": ["env.d.ts", "src/**/*", "src/**/*.vue"],
  "exclude": ["src/**/__tests__/*"],
  "compilerOptions": {
    // Extra safety for array and object lookups, but may have false positives.
    "noUncheckedIndexedAccess": true,

    // Path mapping for cleaner imports.
    "paths": {
      "@/*": ["./src/*"]
    },

    // `vue-tsc --build` produces a .tsbuildinfo file for incremental type-checking.
    // Specified here to keep it out of the root directory.
    "tsBuildInfoFile": "./node_modules/.tmp/tsconfig.app.tsbuildinfo"
  }
}

=== CollapsibleSection pattern ===
<template>
  <div class="border border-gray-700 rounded-lg overflow-hidden">
    <!-- Header -->
    <div
      data-role="collapsible-header"
      class="flex items-center gap-2 px-4 py-4 bg-gray-800 cursor-pointer select-none"
      @click="toggle"
    >
      <!-- Chevron -->
      <svg
        xmlns="http://www.w3.org/2000/svg"
        class="h-4 w-4 shrink-0 text-gray-400 transition-transform duration-150"
        :class="isOpen ? 'rotate-90' : ''"
        fill="none"
        viewBox="0 0 24 24"
        stroke="currentColor"
        stroke-width="2"
      >
        <path stroke-linecap="round" stroke-linejoin="round" d="M9 5l7 7-7 7" />
      </svg>

      <span class="text-sm font-semibold text-gray-100 truncate">{{ title }}</span>
    </div>

    <!-- Body -->
    <div v-if="isOpen" class="bg-gray-800 border-t border-gray-700 px-4 py-4 space-y-4">
      <slot />
    </div>
  </div>
</template>

<script setup lang="ts">
import { ref } from 'vue'

const props = defineProps<{
  title: string
  storageKey: string
}>()

// Default expanded (D-17) when no stored value exists — only an explicit 'closed'
// collapses on mount.
const isOpen = ref(localStorage.getItem(props.storageKey) !== 'closed')

function toggle() {
  isOpen.value = !isOpen.value
  localStorage.setItem(props.storageKey, isOpen.value ? 'open' : 'closed')
}
</script>
